spawn vtysh

Hello, this is FRRouting (version 7.7-dev_git).
Copyright 1996-2005 Kunihiro Ishiguro, et al.

router1# configure terminal
router1(config)# no ! Zebra configuration saved from vty
% Unknown command: no ! Zebra configuration saved from vty
router1(config)# ! Zebra configuration saved from vty
router1(config)# no !   2021/03/30 10:51:59
% Unknown command: no !   2021/03/30 10:51:59
router1(config)# !   2021/03/30 10:51:59
router1(config)# no frr version 7.7-dev_git
% Unknown command: no frr version 7.7-dev_git
router1(config)# frr version 7.7-dev_git
router1(config)# no frr defaults traditional
% Unknown command: no frr defaults traditional
router1(config)# frr defaults traditional
router1(config)# no hostname 89c286d5ebb7
(null)(config)# hostname 89c286d5ebb7
89c286d5ebb7(config)# router bgp 65002
89c286d5ebb7(config-router)# bgp ebgp-requires-policy
89c286d5ebb7(config-router)# no bgp ebgp-requires-policy
89c286d5ebb7(config-router)# no neighbor 192.168.1.1 remote-as external
89c286d5ebb7(config-router)# neighbor 192.168.1.1 remote-as external
89c286d5ebb7(config-router)# no neighbor 192.168.1.1 timers 3 10
89c286d5ebb7(config-router)# neighbor 192.168.1.1 timers 3 10
89c286d5ebb7(config-router)# address-family ipv4 unicast
89c286d5ebb7(config-router-af)# no redistribute connected
89c286d5ebb7(config-router-af)# redistribute connected
89c286d5ebb7(config-router-af)# exit
89c286d5ebb7(config-router)# no exit-address-family
% Unknown command: no exit-address-family
89c286d5ebb7(config-router)# exit-address-family
% Unknown command: exit-address-family
89c286d5ebb7(config-router)# address-family l2vpn evpn
89c286d5ebb7(config-router-af)# no neighbor 192.168.1.1 activate
89c286d5ebb7(config-router-af)# neighbor 192.168.1.1 activate
89c286d5ebb7(config-router-af)# no advertise-all-vni
89c286d5ebb7(config-router-af)# advertise-all-vni
89c286d5ebb7(config-router-af)# exit
89c286d5ebb7(config-router)# no exit-address-family
% Unknown command: no exit-address-family
89c286d5ebb7(config-router)# exit-address-family
% Unknown command: exit-address-family
89c286d5ebb7(config-router)# exit
89c286d5ebb7(config)# no line vty
% Unknown command: no line vty
89c286d5ebb7(config)# line vty
89c286d5ebb7(config-line)# exit
89c286d5ebb7(config)# exit
89c286d5ebb7# exit
