spawn vtysh

Hello, this is FRRouting (version 7.7-dev_git).
Copyright 1996-2005 Kunihiro Ishiguro, et al.

router1# configure terminal
router1(config)# no ! Zebra configuration saved from vty
% Unknown command: no ! Zebra configuration saved from vty
router1(config)# ! Zebra configuration saved from vty
router1(config)# no !   2021/03/30 10:54:59
% Unknown command: no !   2021/03/30 10:54:59
router1(config)# !   2021/03/30 10:54:59
router1(config)# no frr version 7.7-dev_git
% Unknown command: no frr version 7.7-dev_git
router1(config)# frr version 7.7-dev_git
router1(config)# no frr defaults traditional
% Unknown command: no frr defaults traditional
router1(config)# frr defaults traditional
router1(config)# no hostname c8bec8dd3a86
(null)(config)# hostname c8bec8dd3a86
c8bec8dd3a86(config)# router bgp 104
c8bec8dd3a86(config-router)# bgp ebgp-requires-policy
c8bec8dd3a86(config-router)# no bgp ebgp-requires-policy
c8bec8dd3a86(config-router)# bgp network import-check
c8bec8dd3a86(config-router)# no bgp network import-check
c8bec8dd3a86(config-router)# no neighbor 192.168.2.2 remote-as 102
c8bec8dd3a86(config-router)# neighbor 192.168.2.2 remote-as 102
c8bec8dd3a86(config-router)# no neighbor 192.168.2.2 bfd
c8bec8dd3a86(config-router)# neighbor 192.168.2.2 bfd
c8bec8dd3a86(config-router)# no neighbor 192.168.2.2 timers 3 10
c8bec8dd3a86(config-router)# neighbor 192.168.2.2 timers 3 10
c8bec8dd3a86(config-router)# address-family ipv4 unicast
c8bec8dd3a86(config-router-af)# no network 10.254.254.4/32
c8bec8dd3a86(config-router-af)# network 10.254.254.4/32
c8bec8dd3a86(config-router-af)# exit
c8bec8dd3a86(config-router)# no exit-address-family
% Unknown command: no exit-address-family
c8bec8dd3a86(config-router)# exit-address-family
% Unknown command: exit-address-family
c8bec8dd3a86(config-router)# exit
c8bec8dd3a86(config)# no line vty
% Unknown command: no line vty
c8bec8dd3a86(config)# line vty
c8bec8dd3a86(config-line)# exit
c8bec8dd3a86(config)# exit
c8bec8dd3a86# exit
