spawn vtysh

Hello, this is FRRouting (version 7.7-dev_git).
Copyright 1996-2005 Kunihiro Ishiguro, et al.

router1# configure terminal
router1(config)# no ! Zebra configuration saved from vty
% Unknown command: no ! Zebra configuration saved from vty
router1(config)# ! Zebra configuration saved from vty
router1(config)# no !   2021/03/30 10:45:14
% Unknown command: no !   2021/03/30 10:45:14
router1(config)# !   2021/03/30 10:45:14
router1(config)# no frr version 7.7-dev_git
% Unknown command: no frr version 7.7-dev_git
router1(config)# frr version 7.7-dev_git
router1(config)# no frr defaults traditional
% Unknown command: no frr defaults traditional
router1(config)# frr defaults traditional
router1(config)# no hostname 8a3e907925af
(null)(config)# hostname 8a3e907925af
8a3e907925af(config)# router bgp 300
8a3e907925af(config-router)# bgp ebgp-requires-policy
8a3e907925af(config-router)# no bgp ebgp-requires-policy
8a3e907925af(config-router)# no neighbor 192.168.1.1 remote-as external
8a3e907925af(config-router)# neighbor 192.168.1.1 remote-as external
8a3e907925af(config-router)# no neighbor 192.168.1.1 bfd profile slow-tx
8a3e907925af(config-router)# neighbor 192.168.1.1 bfd profile slow-tx
8a3e907925af(config-router)# no neighbor 192.168.1.1 ebgp-multihop 2
8a3e907925af(config-router)# neighbor 192.168.1.1 ebgp-multihop 2
8a3e907925af(config-router)# no neighbor 192.168.1.1 timers 3 10
8a3e907925af(config-router)# neighbor 192.168.1.1 timers 3 10
8a3e907925af(config-router)# no neighbor 2001:db8:2::2 remote-as external
8a3e907925af(config-router)# neighbor 2001:db8:2::2 remote-as external
8a3e907925af(config-router)# no neighbor 2001:db8:2::2 bfd profile slow-tx
8a3e907925af(config-router)# neighbor 2001:db8:2::2 bfd profile slow-tx
8a3e907925af(config-router)# no neighbor 2001:db8:2::2 timers 3 10
8a3e907925af(config-router)# neighbor 2001:db8:2::2 timers 3 10
8a3e907925af(config-router)# no neighbor 2001:db8:3::1 remote-as external
8a3e907925af(config-router)# neighbor 2001:db8:3::1 remote-as external
8a3e907925af(config-router)# no neighbor 2001:db8:3::1 bfd profile slow-tx
8a3e907925af(config-router)# neighbor 2001:db8:3::1 bfd profile slow-tx
8a3e907925af(config-router)# no neighbor 2001:db8:3::1 timers 3 10
8a3e907925af(config-router)# neighbor 2001:db8:3::1 timers 3 10
8a3e907925af(config-router)# address-family ipv4 unicast
8a3e907925af(config-router-af)# no redistribute connected
8a3e907925af(config-router-af)# redistribute connected
8a3e907925af(config-router-af)# exit
8a3e907925af(config-router)# no exit-address-family
% Unknown command: no exit-address-family
8a3e907925af(config-router)# exit-address-family
% Unknown command: exit-address-family
8a3e907925af(config-router)# address-family ipv6 unicast
8a3e907925af(config-router-af)# no redistribute connected
8a3e907925af(config-router-af)# redistribute connected
8a3e907925af(config-router-af)# no neighbor 192.168.1.1 activate
8a3e907925af(config-router-af)# neighbor 192.168.1.1 activate
8a3e907925af(config-router-af)# no neighbor 2001:db8:2::2 activate
8a3e907925af(config-router-af)# neighbor 2001:db8:2::2 activate
8a3e907925af(config-router-af)# no neighbor 2001:db8:3::1 activate
8a3e907925af(config-router-af)# neighbor 2001:db8:3::1 activate
8a3e907925af(config-router-af)# exit
8a3e907925af(config-router)# no exit-address-family
% Unknown command: no exit-address-family
8a3e907925af(config-router)# exit-address-family
% Unknown command: exit-address-family
8a3e907925af(config-router)# exit
8a3e907925af(config)# no line vty
% Unknown command: no line vty
8a3e907925af(config)# line vty
8a3e907925af(config-line)# exit
8a3e907925af(config)# exit
8a3e907925af# exit
