spawn vtysh

Hello, this is FRRouting (version 7.7-dev_git).
Copyright 1996-2005 Kunihiro Ishiguro, et al.

router3# configure terminal
router3(config)# no ! Zebra configuration saved from vty
% Unknown command: no ! Zebra configuration saved from vty
router3(config)# ! Zebra configuration saved from vty
router3(config)# no !   2021/03/14 20:56:08
% Unknown command: no !   2021/03/14 20:56:08
router3(config)# !   2021/03/14 20:56:08
router3(config)# no frr version 7.7-dev_git
% Unknown command: no frr version 7.7-dev_git
router3(config)# frr version 7.7-dev_git
router3(config)# no frr defaults traditional
% Unknown command: no frr defaults traditional
router3(config)# frr defaults traditional
router3(config)# no hostname 71eee2d3f2c7
(null)(config)# hostname 71eee2d3f2c7
71eee2d3f2c7(config)# router bgp 102
71eee2d3f2c7(config-router)# bgp ebgp-requires-policy
71eee2d3f2c7(config-router)# no bgp ebgp-requires-policy
71eee2d3f2c7(config-router)# bgp network import-check
71eee2d3f2c7(config-router)# no bgp network import-check
71eee2d3f2c7(config-router)# no neighbor 192.168.0.1 remote-as 101
71eee2d3f2c7(config-router)# neighbor 192.168.0.1 remote-as 101
71eee2d3f2c7(config-router)# no neighbor 192.168.0.1 bfd
71eee2d3f2c7(config-router)# neighbor 192.168.0.1 bfd
71eee2d3f2c7(config-router)# no neighbor 192.168.0.1 timers 3 10
71eee2d3f2c7(config-router)# neighbor 192.168.0.1 timers 3 10
71eee2d3f2c7(config-router)# no neighbor 192.168.1.1 remote-as 103
71eee2d3f2c7(config-router)# neighbor 192.168.1.1 remote-as 103
71eee2d3f2c7(config-router)# no neighbor 192.168.1.1 bfd
71eee2d3f2c7(config-router)# neighbor 192.168.1.1 bfd
71eee2d3f2c7(config-router)# no neighbor 192.168.1.1 timers 3 10
71eee2d3f2c7(config-router)# neighbor 192.168.1.1 timers 3 10
71eee2d3f2c7(config-router)# no neighbor 192.168.2.1 remote-as 104
71eee2d3f2c7(config-router)# neighbor 192.168.2.1 remote-as 104
71eee2d3f2c7(config-router)# no neighbor 192.168.2.1 bfd
71eee2d3f2c7(config-router)# neighbor 192.168.2.1 bfd
71eee2d3f2c7(config-router)# no neighbor 192.168.2.1 timers 3 10
71eee2d3f2c7(config-router)# neighbor 192.168.2.1 timers 3 10
71eee2d3f2c7(config-router)# address-family ipv4 unicast
71eee2d3f2c7(config-router-af)# no network 10.254.254.2/32
71eee2d3f2c7(config-router-af)# network 10.254.254.2/32
71eee2d3f2c7(config-router-af)# exit
71eee2d3f2c7(config-router)# no exit-address-family
% Unknown command: no exit-address-family
71eee2d3f2c7(config-router)# exit-address-family
% Unknown command: exit-address-family
71eee2d3f2c7(config-router)# exit
71eee2d3f2c7(config)# no line vty
% Unknown command: no line vty
71eee2d3f2c7(config)# line vty
71eee2d3f2c7(config-line)# exit
71eee2d3f2c7(config)# exit
71eee2d3f2c7# exit
