spawn vtysh

Hello, this is FRRouting (version 7.7-dev_git).
Copyright 1996-2005 Kunihiro Ishiguro, et al.

router1# configure terminal
router1(config)# no ! Zebra configuration saved from vty
% Unknown command: no ! Zebra configuration saved from vty
router1(config)# ! Zebra configuration saved from vty
router1(config)# no !   2021/03/30 10:50:57
% Unknown command: no !   2021/03/30 10:50:57
router1(config)# !   2021/03/30 10:50:57
router1(config)# no frr version 7.7-dev_git
% Unknown command: no frr version 7.7-dev_git
router1(config)# frr version 7.7-dev_git
router1(config)# no frr defaults traditional
% Unknown command: no frr defaults traditional
router1(config)# frr defaults traditional
router1(config)# no hostname tor2
(null)(config)# hostname tor2
tor2(config)# router bgp 99
tor2(config-router)# bgp ebgp-requires-policy
tor2(config-router)# no bgp ebgp-requires-policy
tor2(config-router)# no neighbor 192.168.4.3 remote-as internal
tor2(config-router)# neighbor 192.168.4.3 remote-as internal
tor2(config-router)# no neighbor 192.168.4.3 timers 3 10
tor2(config-router)# neighbor 192.168.4.3 timers 3 10
tor2(config-router)# address-family ipv4 unicast
tor2(config-router-af)# no redistribute connected
tor2(config-router-af)# redistribute connected
tor2(config-router-af)# exit
tor2(config-router)# no exit-address-family
% Unknown command: no exit-address-family
tor2(config-router)# exit-address-family
% Unknown command: exit-address-family
tor2(config-router)# exit
tor2(config)# no line vty
% Unknown command: no line vty
tor2(config)# line vty
tor2(config-line)# exit
tor2(config)# exit
tor2# exit
