spawn vtysh

Hello, this is FRRouting (version 7.7-dev_git).
Copyright 1996-2005 Kunihiro Ishiguro, et al.

router1# configure terminal
router1(config)# no ! Zebra configuration saved from vty
% Unknown command: no ! Zebra configuration saved from vty
router1(config)# ! Zebra configuration saved from vty
router1(config)# no !   2021/03/30 10:52:36
% Unknown command: no !   2021/03/30 10:52:36
router1(config)# !   2021/03/30 10:52:36
router1(config)# no frr version 7.7-dev_git
% Unknown command: no frr version 7.7-dev_git
router1(config)# frr version 7.7-dev_git
router1(config)# no frr defaults traditional
% Unknown command: no frr defaults traditional
router1(config)# frr defaults traditional
router1(config)# no hostname r1
(null)(config)# hostname r1
r1(config)# no log file //bgpd.log
r1(config)# log file //bgpd.log
can't open logfile //bgpd.log
r1(config)# router bgp 100
r1(config-router)# no bgp router-id 10.0.255.1
r1(config-router)# bgp router-id 10.0.255.1
r1(config-router)# bgp ebgp-requires-policy
r1(config-router)# no bgp ebgp-requires-policy
r1(config-router)# no bgp bestpath as-path multipath-relax
r1(config-router)# bgp bestpath as-path multipath-relax
r1(config-router)# no neighbor 10.0.1.101 remote-as 99
r1(config-router)# neighbor 10.0.1.101 remote-as 99
r1(config-router)# no neighbor 10.0.1.101 timers 3 10
r1(config-router)# neighbor 10.0.1.101 timers 3 10
r1(config-router)# no neighbor 10.0.1.102 remote-as 99
r1(config-router)# neighbor 10.0.1.102 remote-as 99
r1(config-router)# no neighbor 10.0.1.102 timers 3 10
r1(config-router)# neighbor 10.0.1.102 timers 3 10
r1(config-router)# no neighbor 10.0.1.103 remote-as 99
r1(config-router)# neighbor 10.0.1.103 remote-as 99
r1(config-router)# no neighbor 10.0.1.103 timers 3 10
r1(config-router)# neighbor 10.0.1.103 timers 3 10
r1(config-router)# no neighbor 10.0.1.104 remote-as 99
r1(config-router)# neighbor 10.0.1.104 remote-as 99
r1(config-router)# no neighbor 10.0.1.104 timers 3 10
r1(config-router)# neighbor 10.0.1.104 timers 3 10
r1(config-router)# no neighbor 10.0.1.105 remote-as 99
r1(config-router)# neighbor 10.0.1.105 remote-as 99
r1(config-router)# no neighbor 10.0.1.105 timers 3 10
r1(config-router)# neighbor 10.0.1.105 timers 3 10
r1(config-router)# no neighbor 10.0.2.106 remote-as 99
r1(config-router)# neighbor 10.0.2.106 remote-as 99
r1(config-router)# no neighbor 10.0.2.106 timers 3 10
r1(config-router)# neighbor 10.0.2.106 timers 3 10
r1(config-router)# no neighbor 10.0.2.107 remote-as 99
r1(config-router)# neighbor 10.0.2.107 remote-as 99
r1(config-router)# no neighbor 10.0.2.107 timers 3 10
r1(config-router)# neighbor 10.0.2.107 timers 3 10
r1(config-router)# no neighbor 10.0.2.108 remote-as 99
r1(config-router)# neighbor 10.0.2.108 remote-as 99
r1(config-router)# no neighbor 10.0.2.108 timers 3 10
r1(config-router)# neighbor 10.0.2.108 timers 3 10
r1(config-router)# no neighbor 10.0.2.109 remote-as 99
r1(config-router)# neighbor 10.0.2.109 remote-as 99
r1(config-router)# no neighbor 10.0.2.109 timers 3 10
r1(config-router)# neighbor 10.0.2.109 timers 3 10
r1(config-router)# no neighbor 10.0.2.110 remote-as 99
r1(config-router)# neighbor 10.0.2.110 remote-as 99
r1(config-router)# no neighbor 10.0.2.110 timers 3 10
r1(config-router)# neighbor 10.0.2.110 timers 3 10
r1(config-router)# no neighbor 10.0.3.111 remote-as 111
r1(config-router)# neighbor 10.0.3.111 remote-as 111
r1(config-router)# no neighbor 10.0.3.111 timers 3 10
r1(config-router)# neighbor 10.0.3.111 timers 3 10
r1(config-router)# no neighbor 10.0.3.112 remote-as 112
r1(config-router)# neighbor 10.0.3.112 remote-as 112
r1(config-router)# no neighbor 10.0.3.112 timers 3 10
r1(config-router)# neighbor 10.0.3.112 timers 3 10
r1(config-router)# no neighbor 10.0.3.113 remote-as 113
r1(config-router)# neighbor 10.0.3.113 remote-as 113
r1(config-router)# no neighbor 10.0.3.113 timers 3 10
r1(config-router)# neighbor 10.0.3.113 timers 3 10
r1(config-router)# no neighbor 10.0.3.114 remote-as 114
r1(config-router)# neighbor 10.0.3.114 remote-as 114
r1(config-router)# no neighbor 10.0.3.114 timers 3 10
r1(config-router)# neighbor 10.0.3.114 timers 3 10
r1(config-router)# no neighbor 10.0.3.115 remote-as 115
r1(config-router)# neighbor 10.0.3.115 remote-as 115
r1(config-router)# no neighbor 10.0.3.115 timers 3 10
r1(config-router)# neighbor 10.0.3.115 timers 3 10
r1(config-router)# no neighbor 10.0.4.116 remote-as 116
r1(config-router)# neighbor 10.0.4.116 remote-as 116
r1(config-router)# no neighbor 10.0.4.116 timers 3 10
r1(config-router)# neighbor 10.0.4.116 timers 3 10
r1(config-router)# no neighbor 10.0.4.117 remote-as 117
r1(config-router)# neighbor 10.0.4.117 remote-as 117
r1(config-router)# no neighbor 10.0.4.117 timers 3 10
r1(config-router)# neighbor 10.0.4.117 timers 3 10
r1(config-router)# no neighbor 10.0.4.118 remote-as 118
r1(config-router)# neighbor 10.0.4.118 remote-as 118
r1(config-router)# no neighbor 10.0.4.118 timers 3 10
r1(config-router)# neighbor 10.0.4.118 timers 3 10
r1(config-router)# no neighbor 10.0.4.119 remote-as 119
r1(config-router)# neighbor 10.0.4.119 remote-as 119
r1(config-router)# no neighbor 10.0.4.119 timers 3 10
r1(config-router)# neighbor 10.0.4.119 timers 3 10
r1(config-router)# no neighbor 10.0.4.120 remote-as 120
r1(config-router)# neighbor 10.0.4.120 remote-as 120
r1(config-router)# no neighbor 10.0.4.120 timers 3 10
r1(config-router)# neighbor 10.0.4.120 timers 3 10
r1(config-router)# exit
r1(config)# no line vty
% Unknown command: no line vty
r1(config)# line vty
r1(config-line)# exit
r1(config)# exit
r1# exit
