spawn vtysh

Hello, this is FRRouting (version 7.7-dev_git).
Copyright 1996-2005 Kunihiro Ishiguro, et al.

router1# configure terminal
router1(config)# no ! Zebra configuration saved from vty
% Unknown command: no ! Zebra configuration saved from vty
router1(config)# ! Zebra configuration saved from vty
router1(config)# no !   2021/03/30 10:44:26
% Unknown command: no !   2021/03/30 10:44:26
router1(config)# !   2021/03/30 10:44:26
router1(config)# no frr version 7.7-dev_git
% Unknown command: no frr version 7.7-dev_git
router1(config)# frr version 7.7-dev_git
router1(config)# no frr defaults traditional
% Unknown command: no frr defaults traditional
router1(config)# frr defaults traditional
router1(config)# no hostname router1
(null)(config)# hostname router1
router1(config)# no password zebra
% Unknown command: no password zebra
router1(config)# password zebra
router1(config)# no enable password zebra
% Unknown command: no enable password zebra
router1(config)# enable password zebra
router1(config)# no log file /tmp/bgp.log
router1(config)# log file /tmp/bgp.log
router1(config)# no debug bgp keepalives
router1(config)# debug bgp keepalives
router1(config)# no debug bgp neighbor-events
router1(config)# debug bgp neighbor-events
router1(config)# no debug bgp update-groups
router1(config)# debug bgp update-groups
router1(config)# no debug bgp updates in
router1(config)# debug bgp updates in
router1(config)# no debug bgp updates out
router1(config)# debug bgp updates out
router1(config)# no debug bgp zebra
router1(config)# debug bgp zebra
router1(config)# router bgp 1
router1(config-router)# no bgp log-neighbor-changes
router1(config-router)# bgp log-neighbor-changes
router1(config-router)# bgp ebgp-requires-policy
router1(config-router)# no bgp ebgp-requires-policy
router1(config-router)# no neighbor TEST peer-group
% Ambiguous command: no neighbor TEST peer-group
router1(config-router)# neighbor TEST peer-group
router1(config-router)# no neighbor TEST remote-as internal
vtysh: error reading from bgpd: Invalid argument (22)Warning: closing connection to bgpd because of an I/O error!
router1(config-router)# neighbor TEST remote-as internal
Warning: connecting to bgpd...failed!
bgpd is not running
router1(config-router)# no neighbor TEST description test_group
Warning: connecting to bgpd...failed!
bgpd is not running
router1(config-router)# neighbor TEST description test_group
Warning: connecting to bgpd...failed!
bgpd is not running
router1(config-router)# no neighbor TEST update-source 192.168.10.10
Warning: connecting to bgpd...failed!
bgpd is not running
router1(config-router)# neighbor TEST update-source 192.168.10.10
Warning: connecting to bgpd...failed!
bgpd is not running
router1(config-router)# no bgp listen range 192.168.10.0/24 peer-group TEST
Warning: connecting to bgpd...failed!
bgpd is not running
router1(config-router)# bgp listen range 192.168.10.0/24 peer-group TEST
Warning: connecting to bgpd...failed!
bgpd is not running
router1(config-router)# address-family ipv4 unicast
Warning: connecting to bgpd...failed!
bgpd is not running
router1(config-router-af)# no redistribute connected
Warning: connecting to bgpd...failed!
bgpd is not running
router1(config-router-af)# redistribute connected
Warning: connecting to bgpd...failed!
bgpd is not running
router1(config-router-af)# exit
Warning: connecting to bgpd...failed!
bgpd is not running
router1(config-router)# no exit-address-family
% Unknown command: no exit-address-family
router1(config-router)# exit-address-family
% Unknown command: exit-address-family
router1(config-router)# exit
Warning: connecting to bgpd...failed!
bgpd is not running
Warning: connecting to bgpd...failed!
Warning: connecting to bgpd...failed!
router1(config)# no line vty
% Unknown command: no line vty
router1(config)# line vty
Warning: connecting to bgpd...failed!
router1(config-line)# exit
Warning: connecting to bgpd...failed!
Warning: connecting to bgpd...failed!
Warning: connecting to bgpd...failed!
router1(config)# exit
Warning: connecting to bgpd...failed!
router1# exit
Warning: connecting to bgpd...failed!
