spawn vtysh

Hello, this is FRRouting (version 7.7-dev_git).
Copyright 1996-2005 Kunihiro Ishiguro, et al.

router1# configure terminal
router1(config)# no ! Zebra configuration saved from vty
% Unknown command: no ! Zebra configuration saved from vty
router1(config)# ! Zebra configuration saved from vty
router1(config)# no !   2021/03/30 10:53:29
% Unknown command: no !   2021/03/30 10:53:29
router1(config)# !   2021/03/30 10:53:29
router1(config)# no frr version 7.7-dev_git
% Unknown command: no frr version 7.7-dev_git
router1(config)# frr version 7.7-dev_git
router1(config)# no frr defaults traditional
% Unknown command: no frr defaults traditional
router1(config)# frr defaults traditional
router1(config)# no hostname r2
(null)(config)# hostname r2
r2(config)# router bgp 65201
r2(config-router)# no bgp router-id 11.1.2.1
r2(config-router)# bgp router-id 11.1.2.1
r2(config-router)# bgp ebgp-requires-policy
r2(config-router)# no bgp ebgp-requires-policy
r2(config-router)# no bgp bestpath as-path multipath-relax
r2(config-router)# bgp bestpath as-path multipath-relax
r2(config-router)# no neighbor 11.1.1.1 remote-as external
r2(config-router)# neighbor 11.1.1.1 remote-as external
r2(config-router)# no neighbor 11.1.1.1 timers 3 10
r2(config-router)# neighbor 11.1.1.1 timers 3 10
r2(config-router)# no neighbor 11.1.2.2 remote-as external
r2(config-router)# neighbor 11.1.2.2 remote-as external
r2(config-router)# no neighbor 11.1.2.2 timers 3 10
r2(config-router)# neighbor 11.1.2.2 timers 3 10
r2(config-router)# no neighbor 11.1.2.6 remote-as external
r2(config-router)# neighbor 11.1.2.6 remote-as external
r2(config-router)# no neighbor 11.1.2.6 timers 3 10
r2(config-router)# neighbor 11.1.2.6 timers 3 10
r2(config-router)# exit
r2(config)# no line vty
% Unknown command: no line vty
r2(config)# line vty
r2(config-line)# exit
r2(config)# exit
r2# exit
