spawn vtysh

Hello, this is FRRouting (version 7.7-dev_git).
Copyright 1996-2005 Kunihiro Ishiguro, et al.

router1# configure terminal
router1(config)# no ! Zebra configuration saved from vty
% Unknown command: no ! Zebra configuration saved from vty
router1(config)# ! Zebra configuration saved from vty
router1(config)# no !   2021/03/30 10:49:45
% Unknown command: no !   2021/03/30 10:49:45
router1(config)# !   2021/03/30 10:49:45
router1(config)# no frr version 7.7-dev_git
% Unknown command: no frr version 7.7-dev_git
router1(config)# frr version 7.7-dev_git
router1(config)# no frr defaults traditional
% Unknown command: no frr defaults traditional
router1(config)# frr defaults traditional
router1(config)# no hostname 629a78339a42
(null)(config)# hostname 629a78339a42
629a78339a42(config)# no log file /tmp/bgpd.log
629a78339a42(config)# log file /tmp/bgpd.log
629a78339a42(config)# no debug bgp updates in
629a78339a42(config)# debug bgp updates in
629a78339a42(config)# no debug bgp updates out
629a78339a42(config)# debug bgp updates out
629a78339a42(config)# router bgp 2
629a78339a42(config-router)# no bgp router-id 10.0.1.3
629a78339a42(config-router)# bgp router-id 10.0.1.3
629a78339a42(config-router)# bgp ebgp-requires-policy
629a78339a42(config-router)# no bgp ebgp-requires-policy
629a78339a42(config-router)# bgp network import-check
629a78339a42(config-router)# no bgp network import-check
629a78339a42(config-router)# no timers bgp 3 9
629a78339a42(config-router)# timers bgp 3 9
629a78339a42(config-router)# no neighbor 10.0.1.2 remote-as 2
629a78339a42(config-router)# neighbor 10.0.1.2 remote-as 2
629a78339a42(config-router)# no neighbor 10.0.1.2 timers connect 10
629a78339a42(config-router)# neighbor 10.0.1.2 timers connect 10
629a78339a42(config-router)# address-family ipv4 unicast
629a78339a42(config-router-af)# no network 11.0.0.1/32
629a78339a42(config-router-af)# network 11.0.0.1/32
629a78339a42(config-router-af)# no network 11.0.0.2/32
629a78339a42(config-router-af)# network 11.0.0.2/32
629a78339a42(config-router-af)# no network 11.0.0.3/32
629a78339a42(config-router-af)# network 11.0.0.3/32
629a78339a42(config-router-af)# no network 11.0.0.4/32
629a78339a42(config-router-af)# network 11.0.0.4/32
629a78339a42(config-router-af)# no network 11.0.0.5/32
629a78339a42(config-router-af)# network 11.0.0.5/32
629a78339a42(config-router-af)# no network 11.0.0.6/32
629a78339a42(config-router-af)# network 11.0.0.6/32
629a78339a42(config-router-af)# no network 11.0.0.7/32
629a78339a42(config-router-af)# network 11.0.0.7/32
629a78339a42(config-router-af)# no network 11.0.0.8/32
629a78339a42(config-router-af)# network 11.0.0.8/32
629a78339a42(config-router-af)# no network 11.0.0.9/32
629a78339a42(config-router-af)# network 11.0.0.9/32
629a78339a42(config-router-af)# no network 11.0.0.10/32
629a78339a42(config-router-af)# network 11.0.0.10/32
629a78339a42(config-router-af)# no network 11.0.0.11/32
629a78339a42(config-router-af)# network 11.0.0.11/32
629a78339a42(config-router-af)# no network 11.0.0.12/32
629a78339a42(config-router-af)# network 11.0.0.12/32
629a78339a42(config-router-af)# no network 11.0.0.13/32
629a78339a42(config-router-af)# network 11.0.0.13/32
629a78339a42(config-router-af)# no network 11.0.0.14/32
629a78339a42(config-router-af)# network 11.0.0.14/32
629a78339a42(config-router-af)# no network 11.0.0.15/32
629a78339a42(config-router-af)# network 11.0.0.15/32
629a78339a42(config-router-af)# no network 11.0.0.16/32
629a78339a42(config-router-af)# network 11.0.0.16/32
629a78339a42(config-router-af)# no network 11.0.0.17/32
629a78339a42(config-router-af)# network 11.0.0.17/32
629a78339a42(config-router-af)# no network 11.0.0.18/32
629a78339a42(config-router-af)# network 11.0.0.18/32
629a78339a42(config-router-af)# no network 11.0.0.19/32
629a78339a42(config-router-af)# network 11.0.0.19/32
629a78339a42(config-router-af)# no network 11.0.0.20/32
629a78339a42(config-router-af)# network 11.0.0.20/32
629a78339a42(config-router-af)# no network 11.0.0.21/32
629a78339a42(config-router-af)# network 11.0.0.21/32
629a78339a42(config-router-af)# no network 11.0.0.22/32
629a78339a42(config-router-af)# network 11.0.0.22/32
629a78339a42(config-router-af)# no network 11.0.0.23/32
629a78339a42(config-router-af)# network 11.0.0.23/32
629a78339a42(config-router-af)# no network 11.0.0.24/32
629a78339a42(config-router-af)# network 11.0.0.24/32
629a78339a42(config-router-af)# no network 11.0.0.25/32
629a78339a42(config-router-af)# network 11.0.0.25/32
629a78339a42(config-router-af)# no network 11.0.0.26/32
629a78339a42(config-router-af)# network 11.0.0.26/32
629a78339a42(config-router-af)# no network 11.0.0.27/32
629a78339a42(config-router-af)# network 11.0.0.27/32
629a78339a42(config-router-af)# no network 11.0.0.28/32
629a78339a42(config-router-af)# network 11.0.0.28/32
629a78339a42(config-router-af)# no network 11.0.0.29/32
629a78339a42(config-router-af)# network 11.0.0.29/32
629a78339a42(config-router-af)# no network 11.0.0.30/32
629a78339a42(config-router-af)# network 11.0.0.30/32
629a78339a42(config-router-af)# no network 11.0.0.31/32
629a78339a42(config-router-af)# network 11.0.0.31/32
629a78339a42(config-router-af)# no network 11.0.0.32/32
629a78339a42(config-router-af)# network 11.0.0.32/32
629a78339a42(config-router-af)# no network 11.0.0.33/32
629a78339a42(config-router-af)# network 11.0.0.33/32
629a78339a42(config-router-af)# no network 11.0.0.34/32
629a78339a42(config-router-af)# network 11.0.0.34/32
629a78339a42(config-router-af)# no network 11.0.0.35/32
629a78339a42(config-router-af)# network 11.0.0.35/32
629a78339a42(config-router-af)# no network 11.0.0.36/32
629a78339a42(config-router-af)# network 11.0.0.36/32
629a78339a42(config-router-af)# no network 11.0.0.37/32
629a78339a42(config-router-af)# network 11.0.0.37/32
629a78339a42(config-router-af)# no network 11.0.0.38/32
629a78339a42(config-router-af)# network 11.0.0.38/32
629a78339a42(config-router-af)# no network 11.0.0.39/32
629a78339a42(config-router-af)# network 11.0.0.39/32
629a78339a42(config-router-af)# no network 11.0.0.40/32
629a78339a42(config-router-af)# network 11.0.0.40/32
629a78339a42(config-router-af)# no network 11.0.0.41/32
629a78339a42(config-router-af)# network 11.0.0.41/32
629a78339a42(config-router-af)# no network 11.0.0.42/32
629a78339a42(config-router-af)# network 11.0.0.42/32
629a78339a42(config-router-af)# no network 11.0.0.43/32
629a78339a42(config-router-af)# network 11.0.0.43/32
629a78339a42(config-router-af)# no network 11.0.0.44/32
629a78339a42(config-router-af)# network 11.0.0.44/32
629a78339a42(config-router-af)# no network 11.0.0.45/32
629a78339a42(config-router-af)# network 11.0.0.45/32
629a78339a42(config-router-af)# no network 11.0.0.46/32
629a78339a42(config-router-af)# network 11.0.0.46/32
629a78339a42(config-router-af)# no network 11.0.0.47/32
629a78339a42(config-router-af)# network 11.0.0.47/32
629a78339a42(config-router-af)# no network 11.0.0.48/32
629a78339a42(config-router-af)# network 11.0.0.48/32
629a78339a42(config-router-af)# no network 11.0.0.49/32
629a78339a42(config-router-af)# network 11.0.0.49/32
629a78339a42(config-router-af)# no network 11.0.0.50/32
629a78339a42(config-router-af)# network 11.0.0.50/32
629a78339a42(config-router-af)# no network 11.0.0.51/32
629a78339a42(config-router-af)# network 11.0.0.51/32
629a78339a42(config-router-af)# no network 11.0.0.52/32
629a78339a42(config-router-af)# network 11.0.0.52/32
629a78339a42(config-router-af)# no network 11.0.0.53/32
629a78339a42(config-router-af)# network 11.0.0.53/32
629a78339a42(config-router-af)# no network 11.0.0.54/32
629a78339a42(config-router-af)# network 11.0.0.54/32
629a78339a42(config-router-af)# no network 11.0.0.55/32
629a78339a42(config-router-af)# network 11.0.0.55/32
629a78339a42(config-router-af)# no network 11.0.0.56/32
629a78339a42(config-router-af)# network 11.0.0.56/32
629a78339a42(config-router-af)# no network 11.0.0.57/32
629a78339a42(config-router-af)# network 11.0.0.57/32
629a78339a42(config-router-af)# no network 11.0.0.58/32
629a78339a42(config-router-af)# network 11.0.0.58/32
629a78339a42(config-router-af)# no network 11.0.0.59/32
629a78339a42(config-router-af)# network 11.0.0.59/32
629a78339a42(config-router-af)# no network 11.0.0.60/32
629a78339a42(config-router-af)# network 11.0.0.60/32
629a78339a42(config-router-af)# no network 11.0.0.61/32
629a78339a42(config-router-af)# network 11.0.0.61/32
629a78339a42(config-router-af)# no network 11.0.0.62/32
629a78339a42(config-router-af)# network 11.0.0.62/32
629a78339a42(config-router-af)# no network 11.0.0.63/32
629a78339a42(config-router-af)# network 11.0.0.63/32
629a78339a42(config-router-af)# no network 11.0.0.64/32
629a78339a42(config-router-af)# network 11.0.0.64/32
629a78339a42(config-router-af)# no network 11.0.0.65/32
629a78339a42(config-router-af)# network 11.0.0.65/32
629a78339a42(config-router-af)# no network 11.0.0.66/32
629a78339a42(config-router-af)# network 11.0.0.66/32
629a78339a42(config-router-af)# no network 11.0.0.67/32
629a78339a42(config-router-af)# network 11.0.0.67/32
629a78339a42(config-router-af)# no network 11.0.0.68/32
629a78339a42(config-router-af)# network 11.0.0.68/32
629a78339a42(config-router-af)# no network 11.0.0.69/32
629a78339a42(config-router-af)# network 11.0.0.69/32
629a78339a42(config-router-af)# no network 11.0.0.70/32
629a78339a42(config-router-af)# network 11.0.0.70/32
629a78339a42(config-router-af)# no network 11.0.0.71/32
629a78339a42(config-router-af)# network 11.0.0.71/32
629a78339a42(config-router-af)# no network 11.0.0.72/32
629a78339a42(config-router-af)# network 11.0.0.72/32
629a78339a42(config-router-af)# no network 11.0.0.73/32
629a78339a42(config-router-af)# network 11.0.0.73/32
629a78339a42(config-router-af)# no network 11.0.0.74/32
629a78339a42(config-router-af)# network 11.0.0.74/32
629a78339a42(config-router-af)# no network 11.0.0.75/32
629a78339a42(config-router-af)# network 11.0.0.75/32
629a78339a42(config-router-af)# no network 11.0.0.76/32
629a78339a42(config-router-af)# network 11.0.0.76/32
629a78339a42(config-router-af)# no network 11.0.0.77/32
629a78339a42(config-router-af)# network 11.0.0.77/32
629a78339a42(config-router-af)# no network 11.0.0.78/32
629a78339a42(config-router-af)# network 11.0.0.78/32
629a78339a42(config-router-af)# no network 11.0.0.79/32
629a78339a42(config-router-af)# network 11.0.0.79/32
629a78339a42(config-router-af)# no network 11.0.0.80/32
629a78339a42(config-router-af)# network 11.0.0.80/32
629a78339a42(config-router-af)# no network 11.0.0.81/32
629a78339a42(config-router-af)# network 11.0.0.81/32
629a78339a42(config-router-af)# no network 11.0.0.82/32
629a78339a42(config-router-af)# network 11.0.0.82/32
629a78339a42(config-router-af)# no network 11.0.0.83/32
629a78339a42(config-router-af)# network 11.0.0.83/32
629a78339a42(config-router-af)# no network 11.0.0.84/32
629a78339a42(config-router-af)# network 11.0.0.84/32
629a78339a42(config-router-af)# no network 11.0.0.85/32
629a78339a42(config-router-af)# network 11.0.0.85/32
629a78339a42(config-router-af)# no network 11.0.0.86/32
629a78339a42(config-router-af)# network 11.0.0.86/32
629a78339a42(config-router-af)# no network 11.0.0.87/32
629a78339a42(config-router-af)# network 11.0.0.87/32
629a78339a42(config-router-af)# no network 11.0.0.88/32
629a78339a42(config-router-af)# network 11.0.0.88/32
629a78339a42(config-router-af)# no network 11.0.0.89/32
629a78339a42(config-router-af)# network 11.0.0.89/32
629a78339a42(config-router-af)# no network 11.0.0.90/32
629a78339a42(config-router-af)# network 11.0.0.90/32
629a78339a42(config-router-af)# no network 11.0.0.91/32
629a78339a42(config-router-af)# network 11.0.0.91/32
629a78339a42(config-router-af)# no network 11.0.0.92/32
629a78339a42(config-router-af)# network 11.0.0.92/32
629a78339a42(config-router-af)# no network 11.0.0.93/32
629a78339a42(config-router-af)# network 11.0.0.93/32
629a78339a42(config-router-af)# no network 11.0.0.94/32
629a78339a42(config-router-af)# network 11.0.0.94/32
629a78339a42(config-router-af)# no network 11.0.0.95/32
629a78339a42(config-router-af)# network 11.0.0.95/32
629a78339a42(config-router-af)# no network 11.0.0.96/32
629a78339a42(config-router-af)# network 11.0.0.96/32
629a78339a42(config-router-af)# no network 11.0.0.97/32
629a78339a42(config-router-af)# network 11.0.0.97/32
629a78339a42(config-router-af)# no network 11.0.0.98/32
629a78339a42(config-router-af)# network 11.0.0.98/32
629a78339a42(config-router-af)# no network 11.0.0.99/32
629a78339a42(config-router-af)# network 11.0.0.99/32
629a78339a42(config-router-af)# no network 11.0.0.100/32
629a78339a42(config-router-af)# network 11.0.0.100/32
629a78339a42(config-router-af)# no network 11.0.0.101/32
629a78339a42(config-router-af)# network 11.0.0.101/32
629a78339a42(config-router-af)# no network 11.0.0.102/32
629a78339a42(config-router-af)# network 11.0.0.102/32
629a78339a42(config-router-af)# no network 11.0.0.103/32
629a78339a42(config-router-af)# network 11.0.0.103/32
629a78339a42(config-router-af)# no network 11.0.0.104/32
629a78339a42(config-router-af)# network 11.0.0.104/32
629a78339a42(config-router-af)# no network 11.0.0.105/32
629a78339a42(config-router-af)# network 11.0.0.105/32
629a78339a42(config-router-af)# no network 11.0.0.106/32
629a78339a42(config-router-af)# network 11.0.0.106/32
629a78339a42(config-router-af)# no network 11.0.0.107/32
629a78339a42(config-router-af)# network 11.0.0.107/32
629a78339a42(config-router-af)# no network 11.0.0.108/32
629a78339a42(config-router-af)# network 11.0.0.108/32
629a78339a42(config-router-af)# no network 11.0.0.109/32
629a78339a42(config-router-af)# network 11.0.0.109/32
629a78339a42(config-router-af)# no network 11.0.0.110/32
629a78339a42(config-router-af)# network 11.0.0.110/32
629a78339a42(config-router-af)# no network 11.0.0.111/32
629a78339a42(config-router-af)# network 11.0.0.111/32
629a78339a42(config-router-af)# no network 11.0.0.112/32
629a78339a42(config-router-af)# network 11.0.0.112/32
629a78339a42(config-router-af)# no network 11.0.0.113/32
629a78339a42(config-router-af)# network 11.0.0.113/32
629a78339a42(config-router-af)# no network 11.0.0.114/32
629a78339a42(config-router-af)# network 11.0.0.114/32
629a78339a42(config-router-af)# no network 11.0.0.115/32
629a78339a42(config-router-af)# network 11.0.0.115/32
629a78339a42(config-router-af)# no network 11.0.0.116/32
629a78339a42(config-router-af)# network 11.0.0.116/32
629a78339a42(config-router-af)# no network 11.0.0.117/32
629a78339a42(config-router-af)# network 11.0.0.117/32
629a78339a42(config-router-af)# no network 11.0.0.118/32
629a78339a42(config-router-af)# network 11.0.0.118/32
629a78339a42(config-router-af)# no network 11.0.0.119/32
629a78339a42(config-router-af)# network 11.0.0.119/32
629a78339a42(config-router-af)# no network 11.0.0.120/32
629a78339a42(config-router-af)# network 11.0.0.120/32
629a78339a42(config-router-af)# no network 11.0.0.121/32
629a78339a42(config-router-af)# network 11.0.0.121/32
629a78339a42(config-router-af)# no network 11.0.0.122/32
629a78339a42(config-router-af)# network 11.0.0.122/32
629a78339a42(config-router-af)# no network 11.0.0.123/32
629a78339a42(config-router-af)# network 11.0.0.123/32
629a78339a42(config-router-af)# no network 11.0.0.124/32
629a78339a42(config-router-af)# network 11.0.0.124/32
629a78339a42(config-router-af)# no network 11.0.0.125/32
629a78339a42(config-router-af)# network 11.0.0.125/32
629a78339a42(config-router-af)# no network 11.0.0.126/32
629a78339a42(config-router-af)# network 11.0.0.126/32
629a78339a42(config-router-af)# no network 11.0.0.127/32
629a78339a42(config-router-af)# network 11.0.0.127/32
629a78339a42(config-router-af)# no network 11.0.0.128/32
629a78339a42(config-router-af)# network 11.0.0.128/32
629a78339a42(config-router-af)# no network 11.0.0.129/32
629a78339a42(config-router-af)# network 11.0.0.129/32
629a78339a42(config-router-af)# no network 11.0.0.130/32
629a78339a42(config-router-af)# network 11.0.0.130/32
629a78339a42(config-router-af)# no network 11.0.0.131/32
629a78339a42(config-router-af)# network 11.0.0.131/32
629a78339a42(config-router-af)# no network 11.0.0.132/32
629a78339a42(config-router-af)# network 11.0.0.132/32
629a78339a42(config-router-af)# no network 11.0.0.133/32
629a78339a42(config-router-af)# network 11.0.0.133/32
629a78339a42(config-router-af)# no network 11.0.0.134/32
629a78339a42(config-router-af)# network 11.0.0.134/32
629a78339a42(config-router-af)# no network 11.0.0.135/32
629a78339a42(config-router-af)# network 11.0.0.135/32
629a78339a42(config-router-af)# no network 11.0.0.136/32
629a78339a42(config-router-af)# network 11.0.0.136/32
629a78339a42(config-router-af)# no network 11.0.0.137/32
629a78339a42(config-router-af)# network 11.0.0.137/32
629a78339a42(config-router-af)# no network 11.0.0.138/32
629a78339a42(config-router-af)# network 11.0.0.138/32
629a78339a42(config-router-af)# no network 11.0.0.139/32
629a78339a42(config-router-af)# network 11.0.0.139/32
629a78339a42(config-router-af)# no network 11.0.0.140/32
629a78339a42(config-router-af)# network 11.0.0.140/32
629a78339a42(config-router-af)# no network 11.0.0.141/32
629a78339a42(config-router-af)# network 11.0.0.141/32
629a78339a42(config-router-af)# no network 11.0.0.142/32
629a78339a42(config-router-af)# network 11.0.0.142/32
629a78339a42(config-router-af)# no network 11.0.0.143/32
629a78339a42(config-router-af)# network 11.0.0.143/32
629a78339a42(config-router-af)# no network 11.0.0.144/32
629a78339a42(config-router-af)# network 11.0.0.144/32
629a78339a42(config-router-af)# no network 11.0.0.145/32
629a78339a42(config-router-af)# network 11.0.0.145/32
629a78339a42(config-router-af)# no network 11.0.0.146/32
629a78339a42(config-router-af)# network 11.0.0.146/32
629a78339a42(config-router-af)# no network 11.0.0.147/32
629a78339a42(config-router-af)# network 11.0.0.147/32
629a78339a42(config-router-af)# no network 11.0.0.148/32
629a78339a42(config-router-af)# network 11.0.0.148/32
629a78339a42(config-router-af)# no network 11.0.0.149/32
629a78339a42(config-router-af)# network 11.0.0.149/32
629a78339a42(config-router-af)# no network 11.0.0.150/32
629a78339a42(config-router-af)# network 11.0.0.150/32
629a78339a42(config-router-af)# no network 11.0.0.151/32
629a78339a42(config-router-af)# network 11.0.0.151/32
629a78339a42(config-router-af)# no network 11.0.0.152/32
629a78339a42(config-router-af)# network 11.0.0.152/32
629a78339a42(config-router-af)# no network 11.0.0.153/32
629a78339a42(config-router-af)# network 11.0.0.153/32
629a78339a42(config-router-af)# no network 11.0.0.154/32
629a78339a42(config-router-af)# network 11.0.0.154/32
629a78339a42(config-router-af)# no network 11.0.0.155/32
629a78339a42(config-router-af)# network 11.0.0.155/32
629a78339a42(config-router-af)# no network 11.0.0.156/32
629a78339a42(config-router-af)# network 11.0.0.156/32
629a78339a42(config-router-af)# no network 11.0.0.157/32
629a78339a42(config-router-af)# network 11.0.0.157/32
629a78339a42(config-router-af)# no network 11.0.0.158/32
629a78339a42(config-router-af)# network 11.0.0.158/32
629a78339a42(config-router-af)# no network 11.0.0.159/32
629a78339a42(config-router-af)# network 11.0.0.159/32
629a78339a42(config-router-af)# no network 11.0.0.160/32
629a78339a42(config-router-af)# network 11.0.0.160/32
629a78339a42(config-router-af)# no network 11.0.0.161/32
629a78339a42(config-router-af)# network 11.0.0.161/32
629a78339a42(config-router-af)# no network 11.0.0.162/32
629a78339a42(config-router-af)# network 11.0.0.162/32
629a78339a42(config-router-af)# no network 11.0.0.163/32
629a78339a42(config-router-af)# network 11.0.0.163/32
629a78339a42(config-router-af)# no network 11.0.0.164/32
629a78339a42(config-router-af)# network 11.0.0.164/32
629a78339a42(config-router-af)# no network 11.0.0.165/32
629a78339a42(config-router-af)# network 11.0.0.165/32
629a78339a42(config-router-af)# no network 11.0.0.166/32
629a78339a42(config-router-af)# network 11.0.0.166/32
629a78339a42(config-router-af)# no network 11.0.0.167/32
629a78339a42(config-router-af)# network 11.0.0.167/32
629a78339a42(config-router-af)# no network 11.0.0.168/32
629a78339a42(config-router-af)# network 11.0.0.168/32
629a78339a42(config-router-af)# no network 11.0.0.169/32
629a78339a42(config-router-af)# network 11.0.0.169/32
629a78339a42(config-router-af)# no network 11.0.0.170/32
629a78339a42(config-router-af)# network 11.0.0.170/32
629a78339a42(config-router-af)# no network 11.0.0.171/32
629a78339a42(config-router-af)# network 11.0.0.171/32
629a78339a42(config-router-af)# no network 11.0.0.172/32
629a78339a42(config-router-af)# network 11.0.0.172/32
629a78339a42(config-router-af)# no network 11.0.0.173/32
629a78339a42(config-router-af)# network 11.0.0.173/32
629a78339a42(config-router-af)# no network 11.0.0.174/32
629a78339a42(config-router-af)# network 11.0.0.174/32
629a78339a42(config-router-af)# no network 11.0.0.175/32
629a78339a42(config-router-af)# network 11.0.0.175/32
629a78339a42(config-router-af)# no network 11.0.0.176/32
629a78339a42(config-router-af)# network 11.0.0.176/32
629a78339a42(config-router-af)# no network 11.0.0.177/32
629a78339a42(config-router-af)# network 11.0.0.177/32
629a78339a42(config-router-af)# no network 11.0.0.178/32
629a78339a42(config-router-af)# network 11.0.0.178/32
629a78339a42(config-router-af)# no network 11.0.0.179/32
629a78339a42(config-router-af)# network 11.0.0.179/32
629a78339a42(config-router-af)# no network 11.0.0.180/32
629a78339a42(config-router-af)# network 11.0.0.180/32
629a78339a42(config-router-af)# no network 11.0.0.181/32
629a78339a42(config-router-af)# network 11.0.0.181/32
629a78339a42(config-router-af)# no network 11.0.0.182/32
629a78339a42(config-router-af)# network 11.0.0.182/32
629a78339a42(config-router-af)# no network 11.0.0.183/32
629a78339a42(config-router-af)# network 11.0.0.183/32
629a78339a42(config-router-af)# no network 11.0.0.184/32
629a78339a42(config-router-af)# network 11.0.0.184/32
629a78339a42(config-router-af)# no network 11.0.0.185/32
629a78339a42(config-router-af)# network 11.0.0.185/32
629a78339a42(config-router-af)# no network 11.0.0.186/32
629a78339a42(config-router-af)# network 11.0.0.186/32
629a78339a42(config-router-af)# no network 11.0.0.187/32
629a78339a42(config-router-af)# network 11.0.0.187/32
629a78339a42(config-router-af)# no network 11.0.0.188/32
629a78339a42(config-router-af)# network 11.0.0.188/32
629a78339a42(config-router-af)# no network 11.0.0.189/32
629a78339a42(config-router-af)# network 11.0.0.189/32
629a78339a42(config-router-af)# no network 11.0.0.190/32
629a78339a42(config-router-af)# network 11.0.0.190/32
629a78339a42(config-router-af)# no network 11.0.0.191/32
629a78339a42(config-router-af)# network 11.0.0.191/32
629a78339a42(config-router-af)# no network 11.0.0.192/32
629a78339a42(config-router-af)# network 11.0.0.192/32
629a78339a42(config-router-af)# no network 11.0.0.193/32
629a78339a42(config-router-af)# network 11.0.0.193/32
629a78339a42(config-router-af)# no network 11.0.0.194/32
629a78339a42(config-router-af)# network 11.0.0.194/32
629a78339a42(config-router-af)# no network 11.0.0.195/32
629a78339a42(config-router-af)# network 11.0.0.195/32
629a78339a42(config-router-af)# no network 11.0.0.196/32
629a78339a42(config-router-af)# network 11.0.0.196/32
629a78339a42(config-router-af)# no network 11.0.0.197/32
629a78339a42(config-router-af)# network 11.0.0.197/32
629a78339a42(config-router-af)# no network 11.0.0.198/32
629a78339a42(config-router-af)# network 11.0.0.198/32
629a78339a42(config-router-af)# no network 11.0.0.199/32
629a78339a42(config-router-af)# network 11.0.0.199/32
629a78339a42(config-router-af)# no network 11.0.0.200/32
629a78339a42(config-router-af)# network 11.0.0.200/32
629a78339a42(config-router-af)# no network 11.0.0.201/32
629a78339a42(config-router-af)# network 11.0.0.201/32
629a78339a42(config-router-af)# no network 11.0.0.202/32
629a78339a42(config-router-af)# network 11.0.0.202/32
629a78339a42(config-router-af)# no network 11.0.0.203/32
629a78339a42(config-router-af)# network 11.0.0.203/32
629a78339a42(config-router-af)# no network 11.0.0.204/32
629a78339a42(config-router-af)# network 11.0.0.204/32
629a78339a42(config-router-af)# no network 11.0.0.205/32
629a78339a42(config-router-af)# network 11.0.0.205/32
629a78339a42(config-router-af)# no network 11.0.0.206/32
629a78339a42(config-router-af)# network 11.0.0.206/32
629a78339a42(config-router-af)# no network 11.0.0.207/32
629a78339a42(config-router-af)# network 11.0.0.207/32
629a78339a42(config-router-af)# no network 11.0.0.208/32
629a78339a42(config-router-af)# network 11.0.0.208/32
629a78339a42(config-router-af)# no network 11.0.0.209/32
629a78339a42(config-router-af)# network 11.0.0.209/32
629a78339a42(config-router-af)# no network 11.0.0.210/32
629a78339a42(config-router-af)# network 11.0.0.210/32
629a78339a42(config-router-af)# no network 11.0.0.211/32
629a78339a42(config-router-af)# network 11.0.0.211/32
629a78339a42(config-router-af)# no network 11.0.0.212/32
629a78339a42(config-router-af)# network 11.0.0.212/32
629a78339a42(config-router-af)# no network 11.0.0.213/32
629a78339a42(config-router-af)# network 11.0.0.213/32
629a78339a42(config-router-af)# no network 11.0.0.214/32
629a78339a42(config-router-af)# network 11.0.0.214/32
629a78339a42(config-router-af)# no network 11.0.0.215/32
629a78339a42(config-router-af)# network 11.0.0.215/32
629a78339a42(config-router-af)# no network 11.0.0.216/32
629a78339a42(config-router-af)# network 11.0.0.216/32
629a78339a42(config-router-af)# no network 11.0.0.217/32
629a78339a42(config-router-af)# network 11.0.0.217/32
629a78339a42(config-router-af)# no network 11.0.0.218/32
629a78339a42(config-router-af)# network 11.0.0.218/32
629a78339a42(config-router-af)# no network 11.0.0.219/32
629a78339a42(config-router-af)# network 11.0.0.219/32
629a78339a42(config-router-af)# no network 11.0.0.220/32
629a78339a42(config-router-af)# network 11.0.0.220/32
629a78339a42(config-router-af)# no network 11.0.0.221/32
629a78339a42(config-router-af)# network 11.0.0.221/32
629a78339a42(config-router-af)# no network 11.0.0.222/32
629a78339a42(config-router-af)# network 11.0.0.222/32
629a78339a42(config-router-af)# no network 11.0.0.223/32
629a78339a42(config-router-af)# network 11.0.0.223/32
629a78339a42(config-router-af)# no network 11.0.0.224/32
629a78339a42(config-router-af)# network 11.0.0.224/32
629a78339a42(config-router-af)# no network 11.0.0.225/32
629a78339a42(config-router-af)# network 11.0.0.225/32
629a78339a42(config-router-af)# no network 11.0.0.226/32
629a78339a42(config-router-af)# network 11.0.0.226/32
629a78339a42(config-router-af)# no network 11.0.0.227/32
629a78339a42(config-router-af)# network 11.0.0.227/32
629a78339a42(config-router-af)# no network 11.0.0.228/32
629a78339a42(config-router-af)# network 11.0.0.228/32
629a78339a42(config-router-af)# no network 11.0.0.229/32
629a78339a42(config-router-af)# network 11.0.0.229/32
629a78339a42(config-router-af)# no network 11.0.0.230/32
629a78339a42(config-router-af)# network 11.0.0.230/32
629a78339a42(config-router-af)# no network 11.0.0.231/32
629a78339a42(config-router-af)# network 11.0.0.231/32
629a78339a42(config-router-af)# no network 11.0.0.232/32
629a78339a42(config-router-af)# network 11.0.0.232/32
629a78339a42(config-router-af)# no network 11.0.0.233/32
629a78339a42(config-router-af)# network 11.0.0.233/32
629a78339a42(config-router-af)# no network 11.0.0.234/32
629a78339a42(config-router-af)# network 11.0.0.234/32
629a78339a42(config-router-af)# no network 11.0.0.235/32
629a78339a42(config-router-af)# network 11.0.0.235/32
629a78339a42(config-router-af)# no network 11.0.0.236/32
629a78339a42(config-router-af)# network 11.0.0.236/32
629a78339a42(config-router-af)# no network 11.0.0.237/32
629a78339a42(config-router-af)# network 11.0.0.237/32
629a78339a42(config-router-af)# no network 11.0.0.238/32
629a78339a42(config-router-af)# network 11.0.0.238/32
629a78339a42(config-router-af)# no network 11.0.0.239/32
629a78339a42(config-router-af)# network 11.0.0.239/32
629a78339a42(config-router-af)# no network 11.0.0.240/32
629a78339a42(config-router-af)# network 11.0.0.240/32
629a78339a42(config-router-af)# no network 11.0.0.241/32
629a78339a42(config-router-af)# network 11.0.0.241/32
629a78339a42(config-router-af)# no network 11.0.0.242/32
629a78339a42(config-router-af)# network 11.0.0.242/32
629a78339a42(config-router-af)# no network 11.0.0.243/32
629a78339a42(config-router-af)# network 11.0.0.243/32
629a78339a42(config-router-af)# no network 11.0.0.244/32
629a78339a42(config-router-af)# network 11.0.0.244/32
629a78339a42(config-router-af)# no network 11.0.0.245/32
629a78339a42(config-router-af)# network 11.0.0.245/32
629a78339a42(config-router-af)# no network 11.0.0.246/32
629a78339a42(config-router-af)# network 11.0.0.246/32
629a78339a42(config-router-af)# no network 11.0.0.247/32
629a78339a42(config-router-af)# network 11.0.0.247/32
629a78339a42(config-router-af)# no network 11.0.0.248/32
629a78339a42(config-router-af)# network 11.0.0.248/32
629a78339a42(config-router-af)# no network 11.0.0.249/32
629a78339a42(config-router-af)# network 11.0.0.249/32
629a78339a42(config-router-af)# no network 11.0.0.250/32
629a78339a42(config-router-af)# network 11.0.0.250/32
629a78339a42(config-router-af)# no network 11.0.0.251/32
629a78339a42(config-router-af)# network 11.0.0.251/32
629a78339a42(config-router-af)# no network 11.0.0.252/32
629a78339a42(config-router-af)# network 11.0.0.252/32
629a78339a42(config-router-af)# no network 11.0.0.253/32
629a78339a42(config-router-af)# network 11.0.0.253/32
629a78339a42(config-router-af)# no network 11.0.1.1/32
629a78339a42(config-router-af)# network 11.0.1.1/32
629a78339a42(config-router-af)# no network 11.0.1.2/32
629a78339a42(config-router-af)# network 11.0.1.2/32
629a78339a42(config-router-af)# no network 11.0.1.3/32
629a78339a42(config-router-af)# network 11.0.1.3/32
629a78339a42(config-router-af)# no network 11.0.1.4/32
629a78339a42(config-router-af)# network 11.0.1.4/32
629a78339a42(config-router-af)# no network 11.0.1.5/32
629a78339a42(config-router-af)# network 11.0.1.5/32
629a78339a42(config-router-af)# no network 11.0.1.6/32
629a78339a42(config-router-af)# network 11.0.1.6/32
629a78339a42(config-router-af)# no network 11.0.1.7/32
629a78339a42(config-router-af)# network 11.0.1.7/32
629a78339a42(config-router-af)# no network 11.0.1.8/32
629a78339a42(config-router-af)# network 11.0.1.8/32
629a78339a42(config-router-af)# no network 11.0.1.9/32
629a78339a42(config-router-af)# network 11.0.1.9/32
629a78339a42(config-router-af)# no network 11.0.1.10/32
629a78339a42(config-router-af)# network 11.0.1.10/32
629a78339a42(config-router-af)# no network 11.0.1.11/32
629a78339a42(config-router-af)# network 11.0.1.11/32
629a78339a42(config-router-af)# no network 11.0.1.12/32
629a78339a42(config-router-af)# network 11.0.1.12/32
629a78339a42(config-router-af)# no network 11.0.1.13/32
629a78339a42(config-router-af)# network 11.0.1.13/32
629a78339a42(config-router-af)# no network 11.0.1.14/32
629a78339a42(config-router-af)# network 11.0.1.14/32
629a78339a42(config-router-af)# no network 11.0.1.15/32
629a78339a42(config-router-af)# network 11.0.1.15/32
629a78339a42(config-router-af)# no network 11.0.1.16/32
629a78339a42(config-router-af)# network 11.0.1.16/32
629a78339a42(config-router-af)# no network 11.0.1.17/32
629a78339a42(config-router-af)# network 11.0.1.17/32
629a78339a42(config-router-af)# no network 11.0.1.18/32
629a78339a42(config-router-af)# network 11.0.1.18/32
629a78339a42(config-router-af)# no network 11.0.1.19/32
629a78339a42(config-router-af)# network 11.0.1.19/32
629a78339a42(config-router-af)# no network 11.0.1.20/32
629a78339a42(config-router-af)# network 11.0.1.20/32
629a78339a42(config-router-af)# no network 11.0.1.21/32
629a78339a42(config-router-af)# network 11.0.1.21/32
629a78339a42(config-router-af)# no network 11.0.1.22/32
629a78339a42(config-router-af)# network 11.0.1.22/32
629a78339a42(config-router-af)# no network 11.0.1.23/32
629a78339a42(config-router-af)# network 11.0.1.23/32
629a78339a42(config-router-af)# no network 11.0.1.24/32
629a78339a42(config-router-af)# network 11.0.1.24/32
629a78339a42(config-router-af)# no network 11.0.1.25/32
629a78339a42(config-router-af)# network 11.0.1.25/32
629a78339a42(config-router-af)# no network 11.0.1.26/32
629a78339a42(config-router-af)# network 11.0.1.26/32
629a78339a42(config-router-af)# no network 11.0.1.27/32
629a78339a42(config-router-af)# network 11.0.1.27/32
629a78339a42(config-router-af)# no network 11.0.1.28/32
629a78339a42(config-router-af)# network 11.0.1.28/32
629a78339a42(config-router-af)# no network 11.0.1.29/32
629a78339a42(config-router-af)# network 11.0.1.29/32
629a78339a42(config-router-af)# no network 11.0.1.30/32
629a78339a42(config-router-af)# network 11.0.1.30/32
629a78339a42(config-router-af)# no network 11.0.1.31/32
629a78339a42(config-router-af)# network 11.0.1.31/32
629a78339a42(config-router-af)# no network 11.0.1.32/32
629a78339a42(config-router-af)# network 11.0.1.32/32
629a78339a42(config-router-af)# no network 11.0.1.33/32
629a78339a42(config-router-af)# network 11.0.1.33/32
629a78339a42(config-router-af)# no network 11.0.1.34/32
629a78339a42(config-router-af)# network 11.0.1.34/32
629a78339a42(config-router-af)# no network 11.0.1.35/32
629a78339a42(config-router-af)# network 11.0.1.35/32
629a78339a42(config-router-af)# no network 11.0.1.36/32
629a78339a42(config-router-af)# network 11.0.1.36/32
629a78339a42(config-router-af)# no network 11.0.1.37/32
629a78339a42(config-router-af)# network 11.0.1.37/32
629a78339a42(config-router-af)# no network 11.0.1.38/32
629a78339a42(config-router-af)# network 11.0.1.38/32
629a78339a42(config-router-af)# no network 11.0.1.39/32
629a78339a42(config-router-af)# network 11.0.1.39/32
629a78339a42(config-router-af)# no network 11.0.1.40/32
629a78339a42(config-router-af)# network 11.0.1.40/32
629a78339a42(config-router-af)# no network 11.0.1.41/32
629a78339a42(config-router-af)# network 11.0.1.41/32
629a78339a42(config-router-af)# no network 11.0.1.42/32
629a78339a42(config-router-af)# network 11.0.1.42/32
629a78339a42(config-router-af)# no network 11.0.1.43/32
629a78339a42(config-router-af)# network 11.0.1.43/32
629a78339a42(config-router-af)# no network 11.0.1.44/32
629a78339a42(config-router-af)# network 11.0.1.44/32
629a78339a42(config-router-af)# no network 11.0.1.45/32
629a78339a42(config-router-af)# network 11.0.1.45/32
629a78339a42(config-router-af)# no network 11.0.1.46/32
629a78339a42(config-router-af)# network 11.0.1.46/32
629a78339a42(config-router-af)# no network 11.0.1.47/32
629a78339a42(config-router-af)# network 11.0.1.47/32
629a78339a42(config-router-af)# no network 11.0.1.48/32
629a78339a42(config-router-af)# network 11.0.1.48/32
629a78339a42(config-router-af)# no network 11.0.1.49/32
629a78339a42(config-router-af)# network 11.0.1.49/32
629a78339a42(config-router-af)# no network 11.0.1.50/32
629a78339a42(config-router-af)# network 11.0.1.50/32
629a78339a42(config-router-af)# no network 11.0.1.51/32
629a78339a42(config-router-af)# network 11.0.1.51/32
629a78339a42(config-router-af)# no network 11.0.1.52/32
629a78339a42(config-router-af)# network 11.0.1.52/32
629a78339a42(config-router-af)# no network 11.0.1.53/32
629a78339a42(config-router-af)# network 11.0.1.53/32
629a78339a42(config-router-af)# no network 11.0.1.54/32
629a78339a42(config-router-af)# network 11.0.1.54/32
629a78339a42(config-router-af)# no network 11.0.1.55/32
629a78339a42(config-router-af)# network 11.0.1.55/32
629a78339a42(config-router-af)# no network 11.0.1.56/32
629a78339a42(config-router-af)# network 11.0.1.56/32
629a78339a42(config-router-af)# no network 11.0.1.57/32
629a78339a42(config-router-af)# network 11.0.1.57/32
629a78339a42(config-router-af)# no network 11.0.1.58/32
629a78339a42(config-router-af)# network 11.0.1.58/32
629a78339a42(config-router-af)# no network 11.0.1.59/32
629a78339a42(config-router-af)# network 11.0.1.59/32
629a78339a42(config-router-af)# no network 11.0.1.60/32
629a78339a42(config-router-af)# network 11.0.1.60/32
629a78339a42(config-router-af)# no network 11.0.1.61/32
629a78339a42(config-router-af)# network 11.0.1.61/32
629a78339a42(config-router-af)# no network 11.0.1.62/32
629a78339a42(config-router-af)# network 11.0.1.62/32
629a78339a42(config-router-af)# no network 11.0.1.63/32
629a78339a42(config-router-af)# network 11.0.1.63/32
629a78339a42(config-router-af)# no network 11.0.1.64/32
629a78339a42(config-router-af)# network 11.0.1.64/32
629a78339a42(config-router-af)# no network 11.0.1.65/32
629a78339a42(config-router-af)# network 11.0.1.65/32
629a78339a42(config-router-af)# no network 11.0.1.66/32
629a78339a42(config-router-af)# network 11.0.1.66/32
629a78339a42(config-router-af)# no network 11.0.1.67/32
629a78339a42(config-router-af)# network 11.0.1.67/32
629a78339a42(config-router-af)# no network 11.0.1.68/32
629a78339a42(config-router-af)# network 11.0.1.68/32
629a78339a42(config-router-af)# no network 11.0.1.69/32
629a78339a42(config-router-af)# network 11.0.1.69/32
629a78339a42(config-router-af)# no network 11.0.1.70/32
629a78339a42(config-router-af)# network 11.0.1.70/32
629a78339a42(config-router-af)# no network 11.0.1.71/32
629a78339a42(config-router-af)# network 11.0.1.71/32
629a78339a42(config-router-af)# no network 11.0.1.72/32
629a78339a42(config-router-af)# network 11.0.1.72/32
629a78339a42(config-router-af)# no network 11.0.1.73/32
629a78339a42(config-router-af)# network 11.0.1.73/32
629a78339a42(config-router-af)# no network 11.0.1.74/32
629a78339a42(config-router-af)# network 11.0.1.74/32
629a78339a42(config-router-af)# no network 11.0.1.75/32
629a78339a42(config-router-af)# network 11.0.1.75/32
629a78339a42(config-router-af)# no network 11.0.1.76/32
629a78339a42(config-router-af)# network 11.0.1.76/32
629a78339a42(config-router-af)# no network 11.0.1.77/32
629a78339a42(config-router-af)# network 11.0.1.77/32
629a78339a42(config-router-af)# no network 11.0.1.78/32
629a78339a42(config-router-af)# network 11.0.1.78/32
629a78339a42(config-router-af)# no network 11.0.1.79/32
629a78339a42(config-router-af)# network 11.0.1.79/32
629a78339a42(config-router-af)# no network 11.0.1.80/32
629a78339a42(config-router-af)# network 11.0.1.80/32
629a78339a42(config-router-af)# no network 11.0.1.81/32
629a78339a42(config-router-af)# network 11.0.1.81/32
629a78339a42(config-router-af)# no network 11.0.1.82/32
629a78339a42(config-router-af)# network 11.0.1.82/32
629a78339a42(config-router-af)# no network 11.0.1.83/32
629a78339a42(config-router-af)# network 11.0.1.83/32
629a78339a42(config-router-af)# no network 11.0.1.84/32
629a78339a42(config-router-af)# network 11.0.1.84/32
629a78339a42(config-router-af)# no network 11.0.1.85/32
629a78339a42(config-router-af)# network 11.0.1.85/32
629a78339a42(config-router-af)# no network 11.0.1.86/32
629a78339a42(config-router-af)# network 11.0.1.86/32
629a78339a42(config-router-af)# no network 11.0.1.87/32
629a78339a42(config-router-af)# network 11.0.1.87/32
629a78339a42(config-router-af)# no network 11.0.1.88/32
629a78339a42(config-router-af)# network 11.0.1.88/32
629a78339a42(config-router-af)# no network 11.0.1.89/32
629a78339a42(config-router-af)# network 11.0.1.89/32
629a78339a42(config-router-af)# no network 11.0.1.90/32
629a78339a42(config-router-af)# network 11.0.1.90/32
629a78339a42(config-router-af)# no network 11.0.1.91/32
629a78339a42(config-router-af)# network 11.0.1.91/32
629a78339a42(config-router-af)# no network 11.0.1.92/32
629a78339a42(config-router-af)# network 11.0.1.92/32
629a78339a42(config-router-af)# no network 11.0.1.93/32
629a78339a42(config-router-af)# network 11.0.1.93/32
629a78339a42(config-router-af)# no network 11.0.1.94/32
629a78339a42(config-router-af)# network 11.0.1.94/32
629a78339a42(config-router-af)# no network 11.0.1.95/32
629a78339a42(config-router-af)# network 11.0.1.95/32
629a78339a42(config-router-af)# no network 11.0.1.96/32
629a78339a42(config-router-af)# network 11.0.1.96/32
629a78339a42(config-router-af)# no network 11.0.1.97/32
629a78339a42(config-router-af)# network 11.0.1.97/32
629a78339a42(config-router-af)# no network 11.0.1.98/32
629a78339a42(config-router-af)# network 11.0.1.98/32
629a78339a42(config-router-af)# no network 11.0.1.99/32
629a78339a42(config-router-af)# network 11.0.1.99/32
629a78339a42(config-router-af)# no network 11.0.1.100/32
629a78339a42(config-router-af)# network 11.0.1.100/32
629a78339a42(config-router-af)# no network 11.0.1.101/32
629a78339a42(config-router-af)# network 11.0.1.101/32
629a78339a42(config-router-af)# no network 11.0.1.102/32
629a78339a42(config-router-af)# network 11.0.1.102/32
629a78339a42(config-router-af)# no network 11.0.1.103/32
629a78339a42(config-router-af)# network 11.0.1.103/32
629a78339a42(config-router-af)# no network 11.0.1.104/32
629a78339a42(config-router-af)# network 11.0.1.104/32
629a78339a42(config-router-af)# no network 11.0.1.105/32
629a78339a42(config-router-af)# network 11.0.1.105/32
629a78339a42(config-router-af)# no network 11.0.1.106/32
629a78339a42(config-router-af)# network 11.0.1.106/32
629a78339a42(config-router-af)# no network 11.0.1.107/32
629a78339a42(config-router-af)# network 11.0.1.107/32
629a78339a42(config-router-af)# no network 11.0.1.108/32
629a78339a42(config-router-af)# network 11.0.1.108/32
629a78339a42(config-router-af)# no network 11.0.1.109/32
629a78339a42(config-router-af)# network 11.0.1.109/32
629a78339a42(config-router-af)# no network 11.0.1.110/32
629a78339a42(config-router-af)# network 11.0.1.110/32
629a78339a42(config-router-af)# no network 11.0.1.111/32
629a78339a42(config-router-af)# network 11.0.1.111/32
629a78339a42(config-router-af)# no network 11.0.1.112/32
629a78339a42(config-router-af)# network 11.0.1.112/32
629a78339a42(config-router-af)# no network 11.0.1.113/32
629a78339a42(config-router-af)# network 11.0.1.113/32
629a78339a42(config-router-af)# no network 11.0.1.114/32
629a78339a42(config-router-af)# network 11.0.1.114/32
629a78339a42(config-router-af)# no network 11.0.1.115/32
629a78339a42(config-router-af)# network 11.0.1.115/32
629a78339a42(config-router-af)# no network 11.0.1.116/32
629a78339a42(config-router-af)# network 11.0.1.116/32
629a78339a42(config-router-af)# no network 11.0.1.117/32
629a78339a42(config-router-af)# network 11.0.1.117/32
629a78339a42(config-router-af)# no network 11.0.1.118/32
629a78339a42(config-router-af)# network 11.0.1.118/32
629a78339a42(config-router-af)# no network 11.0.1.119/32
629a78339a42(config-router-af)# network 11.0.1.119/32
629a78339a42(config-router-af)# no network 11.0.1.120/32
629a78339a42(config-router-af)# network 11.0.1.120/32
629a78339a42(config-router-af)# no network 11.0.1.121/32
629a78339a42(config-router-af)# network 11.0.1.121/32
629a78339a42(config-router-af)# no network 11.0.1.122/32
629a78339a42(config-router-af)# network 11.0.1.122/32
629a78339a42(config-router-af)# no network 11.0.1.123/32
629a78339a42(config-router-af)# network 11.0.1.123/32
629a78339a42(config-router-af)# no network 11.0.1.124/32
629a78339a42(config-router-af)# network 11.0.1.124/32
629a78339a42(config-router-af)# no network 11.0.1.125/32
629a78339a42(config-router-af)# network 11.0.1.125/32
629a78339a42(config-router-af)# no network 11.0.1.126/32
629a78339a42(config-router-af)# network 11.0.1.126/32
629a78339a42(config-router-af)# no network 11.0.1.127/32
629a78339a42(config-router-af)# network 11.0.1.127/32
629a78339a42(config-router-af)# no network 11.0.1.128/32
629a78339a42(config-router-af)# network 11.0.1.128/32
629a78339a42(config-router-af)# no network 11.0.1.129/32
629a78339a42(config-router-af)# network 11.0.1.129/32
629a78339a42(config-router-af)# no network 11.0.1.130/32
629a78339a42(config-router-af)# network 11.0.1.130/32
629a78339a42(config-router-af)# no network 11.0.1.131/32
629a78339a42(config-router-af)# network 11.0.1.131/32
629a78339a42(config-router-af)# no network 11.0.1.132/32
629a78339a42(config-router-af)# network 11.0.1.132/32
629a78339a42(config-router-af)# no network 11.0.1.133/32
629a78339a42(config-router-af)# network 11.0.1.133/32
629a78339a42(config-router-af)# no network 11.0.1.134/32
629a78339a42(config-router-af)# network 11.0.1.134/32
629a78339a42(config-router-af)# no network 11.0.1.135/32
629a78339a42(config-router-af)# network 11.0.1.135/32
629a78339a42(config-router-af)# no network 11.0.1.136/32
629a78339a42(config-router-af)# network 11.0.1.136/32
629a78339a42(config-router-af)# no network 11.0.1.137/32
629a78339a42(config-router-af)# network 11.0.1.137/32
629a78339a42(config-router-af)# no network 11.0.1.138/32
629a78339a42(config-router-af)# network 11.0.1.138/32
629a78339a42(config-router-af)# no network 11.0.1.139/32
629a78339a42(config-router-af)# network 11.0.1.139/32
629a78339a42(config-router-af)# no network 11.0.1.140/32
629a78339a42(config-router-af)# network 11.0.1.140/32
629a78339a42(config-router-af)# no network 11.0.1.141/32
629a78339a42(config-router-af)# network 11.0.1.141/32
629a78339a42(config-router-af)# no network 11.0.1.142/32
629a78339a42(config-router-af)# network 11.0.1.142/32
629a78339a42(config-router-af)# no network 11.0.1.143/32
629a78339a42(config-router-af)# network 11.0.1.143/32
629a78339a42(config-router-af)# no network 11.0.1.144/32
629a78339a42(config-router-af)# network 11.0.1.144/32
629a78339a42(config-router-af)# no network 11.0.1.145/32
629a78339a42(config-router-af)# network 11.0.1.145/32
629a78339a42(config-router-af)# no network 11.0.1.146/32
629a78339a42(config-router-af)# network 11.0.1.146/32
629a78339a42(config-router-af)# no network 11.0.1.147/32
629a78339a42(config-router-af)# network 11.0.1.147/32
629a78339a42(config-router-af)# no network 11.0.1.148/32
629a78339a42(config-router-af)# network 11.0.1.148/32
629a78339a42(config-router-af)# no network 11.0.1.149/32
629a78339a42(config-router-af)# network 11.0.1.149/32
629a78339a42(config-router-af)# no network 11.0.1.150/32
629a78339a42(config-router-af)# network 11.0.1.150/32
629a78339a42(config-router-af)# no network 11.0.1.151/32
629a78339a42(config-router-af)# network 11.0.1.151/32
629a78339a42(config-router-af)# no network 11.0.1.152/32
629a78339a42(config-router-af)# network 11.0.1.152/32
629a78339a42(config-router-af)# no network 11.0.1.153/32
629a78339a42(config-router-af)# network 11.0.1.153/32
629a78339a42(config-router-af)# no network 11.0.1.154/32
629a78339a42(config-router-af)# network 11.0.1.154/32
629a78339a42(config-router-af)# no network 11.0.1.155/32
629a78339a42(config-router-af)# network 11.0.1.155/32
629a78339a42(config-router-af)# no network 11.0.1.156/32
629a78339a42(config-router-af)# network 11.0.1.156/32
629a78339a42(config-router-af)# no network 11.0.1.157/32
629a78339a42(config-router-af)# network 11.0.1.157/32
629a78339a42(config-router-af)# no network 11.0.1.158/32
629a78339a42(config-router-af)# network 11.0.1.158/32
629a78339a42(config-router-af)# no network 11.0.1.159/32
629a78339a42(config-router-af)# network 11.0.1.159/32
629a78339a42(config-router-af)# no network 11.0.1.160/32
629a78339a42(config-router-af)# network 11.0.1.160/32
629a78339a42(config-router-af)# no network 11.0.1.161/32
629a78339a42(config-router-af)# network 11.0.1.161/32
629a78339a42(config-router-af)# no network 11.0.1.162/32
629a78339a42(config-router-af)# network 11.0.1.162/32
629a78339a42(config-router-af)# no network 11.0.1.163/32
629a78339a42(config-router-af)# network 11.0.1.163/32
629a78339a42(config-router-af)# no network 11.0.1.164/32
629a78339a42(config-router-af)# network 11.0.1.164/32
629a78339a42(config-router-af)# no network 11.0.1.165/32
629a78339a42(config-router-af)# network 11.0.1.165/32
629a78339a42(config-router-af)# no network 11.0.1.166/32
629a78339a42(config-router-af)# network 11.0.1.166/32
629a78339a42(config-router-af)# no network 11.0.1.167/32
629a78339a42(config-router-af)# network 11.0.1.167/32
629a78339a42(config-router-af)# no network 11.0.1.168/32
629a78339a42(config-router-af)# network 11.0.1.168/32
629a78339a42(config-router-af)# no network 11.0.1.169/32
629a78339a42(config-router-af)# network 11.0.1.169/32
629a78339a42(config-router-af)# no network 11.0.1.170/32
629a78339a42(config-router-af)# network 11.0.1.170/32
629a78339a42(config-router-af)# no network 11.0.1.171/32
629a78339a42(config-router-af)# network 11.0.1.171/32
629a78339a42(config-router-af)# no network 11.0.1.172/32
629a78339a42(config-router-af)# network 11.0.1.172/32
629a78339a42(config-router-af)# no network 11.0.1.173/32
629a78339a42(config-router-af)# network 11.0.1.173/32
629a78339a42(config-router-af)# no network 11.0.1.174/32
629a78339a42(config-router-af)# network 11.0.1.174/32
629a78339a42(config-router-af)# no network 11.0.1.175/32
629a78339a42(config-router-af)# network 11.0.1.175/32
629a78339a42(config-router-af)# no network 11.0.1.176/32
629a78339a42(config-router-af)# network 11.0.1.176/32
629a78339a42(config-router-af)# no network 11.0.1.177/32
629a78339a42(config-router-af)# network 11.0.1.177/32
629a78339a42(config-router-af)# no network 11.0.1.178/32
629a78339a42(config-router-af)# network 11.0.1.178/32
629a78339a42(config-router-af)# no network 11.0.1.179/32
629a78339a42(config-router-af)# network 11.0.1.179/32
629a78339a42(config-router-af)# no network 11.0.1.180/32
629a78339a42(config-router-af)# network 11.0.1.180/32
629a78339a42(config-router-af)# no network 11.0.1.181/32
629a78339a42(config-router-af)# network 11.0.1.181/32
629a78339a42(config-router-af)# no network 11.0.1.182/32
629a78339a42(config-router-af)# network 11.0.1.182/32
629a78339a42(config-router-af)# no network 11.0.1.183/32
629a78339a42(config-router-af)# network 11.0.1.183/32
629a78339a42(config-router-af)# no network 11.0.1.184/32
629a78339a42(config-router-af)# network 11.0.1.184/32
629a78339a42(config-router-af)# no network 11.0.1.185/32
629a78339a42(config-router-af)# network 11.0.1.185/32
629a78339a42(config-router-af)# no network 11.0.1.186/32
629a78339a42(config-router-af)# network 11.0.1.186/32
629a78339a42(config-router-af)# no network 11.0.1.187/32
629a78339a42(config-router-af)# network 11.0.1.187/32
629a78339a42(config-router-af)# no network 11.0.1.188/32
629a78339a42(config-router-af)# network 11.0.1.188/32
629a78339a42(config-router-af)# no network 11.0.1.189/32
629a78339a42(config-router-af)# network 11.0.1.189/32
629a78339a42(config-router-af)# no network 11.0.1.190/32
629a78339a42(config-router-af)# network 11.0.1.190/32
629a78339a42(config-router-af)# no network 11.0.1.191/32
629a78339a42(config-router-af)# network 11.0.1.191/32
629a78339a42(config-router-af)# no network 11.0.1.192/32
629a78339a42(config-router-af)# network 11.0.1.192/32
629a78339a42(config-router-af)# no network 11.0.1.193/32
629a78339a42(config-router-af)# network 11.0.1.193/32
629a78339a42(config-router-af)# no network 11.0.1.194/32
629a78339a42(config-router-af)# network 11.0.1.194/32
629a78339a42(config-router-af)# no network 11.0.1.195/32
629a78339a42(config-router-af)# network 11.0.1.195/32
629a78339a42(config-router-af)# no network 11.0.1.196/32
629a78339a42(config-router-af)# network 11.0.1.196/32
629a78339a42(config-router-af)# no network 11.0.1.197/32
629a78339a42(config-router-af)# network 11.0.1.197/32
629a78339a42(config-router-af)# no network 11.0.1.198/32
629a78339a42(config-router-af)# network 11.0.1.198/32
629a78339a42(config-router-af)# no network 11.0.1.199/32
629a78339a42(config-router-af)# network 11.0.1.199/32
629a78339a42(config-router-af)# no network 11.0.1.200/32
629a78339a42(config-router-af)# network 11.0.1.200/32
629a78339a42(config-router-af)# no network 11.0.1.201/32
629a78339a42(config-router-af)# network 11.0.1.201/32
629a78339a42(config-router-af)# no network 11.0.1.202/32
629a78339a42(config-router-af)# network 11.0.1.202/32
629a78339a42(config-router-af)# no network 11.0.1.203/32
629a78339a42(config-router-af)# network 11.0.1.203/32
629a78339a42(config-router-af)# no network 11.0.1.204/32
629a78339a42(config-router-af)# network 11.0.1.204/32
629a78339a42(config-router-af)# no network 11.0.1.205/32
629a78339a42(config-router-af)# network 11.0.1.205/32
629a78339a42(config-router-af)# no network 11.0.1.206/32
629a78339a42(config-router-af)# network 11.0.1.206/32
629a78339a42(config-router-af)# no network 11.0.1.207/32
629a78339a42(config-router-af)# network 11.0.1.207/32
629a78339a42(config-router-af)# no network 11.0.1.208/32
629a78339a42(config-router-af)# network 11.0.1.208/32
629a78339a42(config-router-af)# no network 11.0.1.209/32
629a78339a42(config-router-af)# network 11.0.1.209/32
629a78339a42(config-router-af)# no network 11.0.1.210/32
629a78339a42(config-router-af)# network 11.0.1.210/32
629a78339a42(config-router-af)# no network 11.0.1.211/32
629a78339a42(config-router-af)# network 11.0.1.211/32
629a78339a42(config-router-af)# no network 11.0.1.212/32
629a78339a42(config-router-af)# network 11.0.1.212/32
629a78339a42(config-router-af)# no network 11.0.1.213/32
629a78339a42(config-router-af)# network 11.0.1.213/32
629a78339a42(config-router-af)# no network 11.0.1.214/32
629a78339a42(config-router-af)# network 11.0.1.214/32
629a78339a42(config-router-af)# no network 11.0.1.215/32
629a78339a42(config-router-af)# network 11.0.1.215/32
629a78339a42(config-router-af)# no network 11.0.1.216/32
629a78339a42(config-router-af)# network 11.0.1.216/32
629a78339a42(config-router-af)# no network 11.0.1.217/32
629a78339a42(config-router-af)# network 11.0.1.217/32
629a78339a42(config-router-af)# no network 11.0.1.218/32
629a78339a42(config-router-af)# network 11.0.1.218/32
629a78339a42(config-router-af)# no network 11.0.1.219/32
629a78339a42(config-router-af)# network 11.0.1.219/32
629a78339a42(config-router-af)# no network 11.0.1.220/32
629a78339a42(config-router-af)# network 11.0.1.220/32
629a78339a42(config-router-af)# no network 11.0.1.221/32
629a78339a42(config-router-af)# network 11.0.1.221/32
629a78339a42(config-router-af)# no network 11.0.1.222/32
629a78339a42(config-router-af)# network 11.0.1.222/32
629a78339a42(config-router-af)# no network 11.0.1.223/32
629a78339a42(config-router-af)# network 11.0.1.223/32
629a78339a42(config-router-af)# no network 11.0.1.224/32
629a78339a42(config-router-af)# network 11.0.1.224/32
629a78339a42(config-router-af)# no network 11.0.1.225/32
629a78339a42(config-router-af)# network 11.0.1.225/32
629a78339a42(config-router-af)# no network 11.0.1.226/32
629a78339a42(config-router-af)# network 11.0.1.226/32
629a78339a42(config-router-af)# no network 11.0.1.227/32
629a78339a42(config-router-af)# network 11.0.1.227/32
629a78339a42(config-router-af)# no network 11.0.1.228/32
629a78339a42(config-router-af)# network 11.0.1.228/32
629a78339a42(config-router-af)# no network 11.0.1.229/32
629a78339a42(config-router-af)# network 11.0.1.229/32
629a78339a42(config-router-af)# no network 11.0.1.230/32
629a78339a42(config-router-af)# network 11.0.1.230/32
629a78339a42(config-router-af)# no network 11.0.1.231/32
629a78339a42(config-router-af)# network 11.0.1.231/32
629a78339a42(config-router-af)# no network 11.0.1.232/32
629a78339a42(config-router-af)# network 11.0.1.232/32
629a78339a42(config-router-af)# no network 11.0.1.233/32
629a78339a42(config-router-af)# network 11.0.1.233/32
629a78339a42(config-router-af)# no network 11.0.1.234/32
629a78339a42(config-router-af)# network 11.0.1.234/32
629a78339a42(config-router-af)# no network 11.0.1.235/32
629a78339a42(config-router-af)# network 11.0.1.235/32
629a78339a42(config-router-af)# no network 11.0.1.236/32
629a78339a42(config-router-af)# network 11.0.1.236/32
629a78339a42(config-router-af)# no network 11.0.1.237/32
629a78339a42(config-router-af)# network 11.0.1.237/32
629a78339a42(config-router-af)# no network 11.0.1.238/32
629a78339a42(config-router-af)# network 11.0.1.238/32
629a78339a42(config-router-af)# no network 11.0.1.239/32
629a78339a42(config-router-af)# network 11.0.1.239/32
629a78339a42(config-router-af)# no network 11.0.1.240/32
629a78339a42(config-router-af)# network 11.0.1.240/32
629a78339a42(config-router-af)# no network 11.0.1.241/32
629a78339a42(config-router-af)# network 11.0.1.241/32
629a78339a42(config-router-af)# no network 11.0.1.242/32
629a78339a42(config-router-af)# network 11.0.1.242/32
629a78339a42(config-router-af)# no network 11.0.1.243/32
629a78339a42(config-router-af)# network 11.0.1.243/32
629a78339a42(config-router-af)# no network 11.0.1.244/32
629a78339a42(config-router-af)# network 11.0.1.244/32
629a78339a42(config-router-af)# no network 11.0.1.245/32
629a78339a42(config-router-af)# network 11.0.1.245/32
629a78339a42(config-router-af)# no network 11.0.1.246/32
629a78339a42(config-router-af)# network 11.0.1.246/32
629a78339a42(config-router-af)# no network 11.0.1.247/32
629a78339a42(config-router-af)# network 11.0.1.247/32
629a78339a42(config-router-af)# no network 11.0.1.248/32
629a78339a42(config-router-af)# network 11.0.1.248/32
629a78339a42(config-router-af)# no network 11.0.1.249/32
629a78339a42(config-router-af)# network 11.0.1.249/32
629a78339a42(config-router-af)# no network 11.0.1.250/32
629a78339a42(config-router-af)# network 11.0.1.250/32
629a78339a42(config-router-af)# no network 11.0.1.251/32
629a78339a42(config-router-af)# network 11.0.1.251/32
629a78339a42(config-router-af)# no network 11.0.1.252/32
629a78339a42(config-router-af)# network 11.0.1.252/32
629a78339a42(config-router-af)# no network 11.0.1.253/32
629a78339a42(config-router-af)# network 11.0.1.253/32
629a78339a42(config-router-af)# exit
629a78339a42(config-router)# no exit-address-family
% Unknown command: no exit-address-family
629a78339a42(config-router)# exit-address-family
% Unknown command: exit-address-family
629a78339a42(config-router)# exit
629a78339a42(config)# no line vty
% Unknown command: no line vty
629a78339a42(config)# line vty
629a78339a42(config-line)# exit
629a78339a42(config)# exit
629a78339a42# exit
