spawn vtysh

Hello, this is FRRouting (version 7.7-dev_git).
Copyright 1996-2005 Kunihiro Ishiguro, et al.

router1# configure terminal
router1(config)# no ! Zebra configuration saved from vty
% Unknown command: no ! Zebra configuration saved from vty
router1(config)# ! Zebra configuration saved from vty
router1(config)# no !   2021/03/30 10:48:52
% Unknown command: no !   2021/03/30 10:48:52
router1(config)# !   2021/03/30 10:48:52
router1(config)# no frr version 7.7-dev_git
% Unknown command: no frr version 7.7-dev_git
router1(config)# frr version 7.7-dev_git
router1(config)# no frr defaults traditional
% Unknown command: no frr defaults traditional
router1(config)# frr defaults traditional
router1(config)# no hostname r1
(null)(config)# hostname r1
r1(config)# no password zebra
% Unknown command: no password zebra
r1(config)# password zebra
r1(config)# no log stdout
r1(config)# log stdout
r1(config)# router bgp 100
r1(config-router)# no bgp router-id 10.0.1.1
r1(config-router)# bgp router-id 10.0.1.1
r1(config-router)# no neighbor 10.0.1.101 remote-as 100
r1(config-router)# neighbor 10.0.1.101 remote-as 100
r1(config-router)# no neighbor 10.0.1.101 update-source 10.0.1.1
r1(config-router)# neighbor 10.0.1.101 update-source 10.0.1.1
r1(config-router)# no neighbor 10.0.1.101 timers 3 10
r1(config-router)# neighbor 10.0.1.101 timers 3 10
r1(config-router)# address-family ipv4 flowspec
r1(config-router-af)# no neighbor 10.0.1.101 activate
r1(config-router-af)# neighbor 10.0.1.101 activate
r1(config-router-af)# no local-install r1-eth0
r1(config-router-af)# local-install r1-eth0
r1(config-router-af)# exit
r1(config-router)# no exit-address-family
% Unknown command: no exit-address-family
r1(config-router)# exit-address-family
% Unknown command: exit-address-family
r1(config-router)# address-family ipv6 flowspec
r1(config-router-af)# no neighbor 10.0.1.101 activate
r1(config-router-af)# neighbor 10.0.1.101 activate
r1(config-router-af)# no local-install r1-eth0
r1(config-router-af)# local-install r1-eth0
r1(config-router-af)# exit
r1(config-router)# no exit-address-family
% Unknown command: no exit-address-family
r1(config-router)# exit-address-family
% Unknown command: exit-address-family
r1(config-router)# exit
r1(config)# no line vty
% Unknown command: no line vty
r1(config)# line vty
r1(config-line)# exit
r1(config)# exit
r1# exit
