spawn vtysh

Hello, this is FRRouting (version 7.7-dev_git).
Copyright 1996-2005 Kunihiro Ishiguro, et al.

router1# configure terminal
router1(config)# no ! Zebra configuration saved from vty
% Unknown command: no ! Zebra configuration saved from vty
router1(config)# ! Zebra configuration saved from vty
router1(config)# no !   2021/03/30 10:47:10
% Unknown command: no !   2021/03/30 10:47:10
router1(config)# !   2021/03/30 10:47:10
router1(config)# no frr version 7.7-dev_git
% Unknown command: no frr version 7.7-dev_git
router1(config)# frr version 7.7-dev_git
router1(config)# no frr defaults traditional
% Unknown command: no frr defaults traditional
router1(config)# frr defaults traditional
router1(config)# no hostname 03204e2c9ccd
(null)(config)# hostname 03204e2c9ccd
03204e2c9ccd(config)# router bgp 65002
03204e2c9ccd(config-router)# no bgp router-id 2.2.2.2
03204e2c9ccd(config-router)# bgp router-id 2.2.2.2
03204e2c9ccd(config-router)# no timers bgp 3 9
03204e2c9ccd(config-router)# timers bgp 3 9
03204e2c9ccd(config-router)# no neighbor 1.1.1.1 remote-as 65001
03204e2c9ccd(config-router)# neighbor 1.1.1.1 remote-as 65001
03204e2c9ccd(config-router)# no neighbor 1.1.1.1 password hello1
03204e2c9ccd(config-router)# neighbor 1.1.1.1 password hello1
03204e2c9ccd(config-router)# no neighbor 1.1.1.1 ebgp-multihop 3
03204e2c9ccd(config-router)# neighbor 1.1.1.1 ebgp-multihop 3
03204e2c9ccd(config-router)# no neighbor 1.1.1.1 update-source lo
03204e2c9ccd(config-router)# neighbor 1.1.1.1 update-source lo
03204e2c9ccd(config-router)# no neighbor 1.1.1.1 timers 3 10
03204e2c9ccd(config-router)# neighbor 1.1.1.1 timers 3 10
03204e2c9ccd(config-router)# no neighbor 1.1.1.1 timers connect 10
03204e2c9ccd(config-router)# neighbor 1.1.1.1 timers connect 10
03204e2c9ccd(config-router)# no neighbor 3.3.3.3 remote-as 65003
03204e2c9ccd(config-router)# neighbor 3.3.3.3 remote-as 65003
03204e2c9ccd(config-router)# no neighbor 3.3.3.3 password hello3
03204e2c9ccd(config-router)# neighbor 3.3.3.3 password hello3
03204e2c9ccd(config-router)# no neighbor 3.3.3.3 ebgp-multihop 3
03204e2c9ccd(config-router)# neighbor 3.3.3.3 ebgp-multihop 3
03204e2c9ccd(config-router)# no neighbor 3.3.3.3 update-source lo
03204e2c9ccd(config-router)# neighbor 3.3.3.3 update-source lo
03204e2c9ccd(config-router)# no neighbor 3.3.3.3 timers 3 10
03204e2c9ccd(config-router)# neighbor 3.3.3.3 timers 3 10
03204e2c9ccd(config-router)# no neighbor 3.3.3.3 timers connect 10
03204e2c9ccd(config-router)# neighbor 3.3.3.3 timers connect 10
03204e2c9ccd(config-router)# exit
03204e2c9ccd(config)# no line vty
% Unknown command: no line vty
03204e2c9ccd(config)# line vty
03204e2c9ccd(config-line)# exit
03204e2c9ccd(config)# exit
03204e2c9ccd# exit
