spawn vtysh

Hello, this is FRRouting (version 7.7-dev_git).
Copyright 1996-2005 Kunihiro Ishiguro, et al.

router3# configure terminal
router3(config)# no ! Zebra configuration saved from vty
% Unknown command: no ! Zebra configuration saved from vty
router3(config)# ! Zebra configuration saved from vty
router3(config)# no !   2021/03/13 18:29:16
% Unknown command: no !   2021/03/13 18:29:16
router3(config)# !   2021/03/13 18:29:16
router3(config)# no frr version 7.7-dev_git
% Unknown command: no frr version 7.7-dev_git
router3(config)# frr version 7.7-dev_git
router3(config)# no frr defaults traditional
% Unknown command: no frr defaults traditional
router3(config)# frr defaults traditional
router3(config)# no hostname router3
hostname router3
(null)(config)# hostname router3
router3(config)# no password zebra
% Unknown command: no password zebra
router3(config)# password zebra
enable password zebra
router3(config)# no enable password zebra
% Unknown command: no enable password zebra
router3(config)# enable password zebra
router3(config)# no log file /tmp/bgp.log
router3(config)# log file /tmp/bgp.log
router3(config)# no debug bgp keepalives
router3(config)# debug bgp keepalives
router3(config)# no debug bgp neighbor-events
router3(config)# debug bgp neighbor-events
router3(config)# no debug bgp update-groups
router3(config)# debug bgp update-groups
router3(config)# no debug bgp updates in
router3(config)# debug bgp updates in
router3(config)# no debug bgp updates out
router3(config)# debug bgp updates out
router3(config)# no debug bgp zebra
router3(config)# debug bgp zebra
router3(config)# router bgp 3
no bgp ebgp-requires-policy
neighbor 10.10.0.10 remote-as 2
router3(config-router)# bgp router-id 10.10.0.11
neighbor 10.10.0.18 remote-as 1
address-family ipv4 unicast
router3(config-router)# no bgp ebgp-requires-policy
router3(config-router)# neighbor 10.10.0.10 remote-as 2
router3(config-router)# neighbor 10.10.0.18 remote-as 1
router3(config-router)# address-family ipv4 unicast
router3(config-router-af)# redistribute connected
router3(config-router-af)# neighbor 10.10.0.10 next-hop-self
router3(config-router-af)# neighbor 10.10.0.18 next-hop-self
line vty
router3(config-router-af)# no exit-address-family
% Unknown command: no exit-address-family
router3(config-router-af)# exit-address-family
router3(config-router)# no line vty
% Unknown command: no line vty
router3(config-router)# line vty
router3(config-line)# 